 ray

 Timestamp is 5ca5c3c0 (Thu Apr  4 16:43:44 2019)

 Preferred load address is 00400000

 Start         Length     Name                   Class
 0001:00000000 000001e0H .text$di                CODE
 0001:000001e0 00072c70H .text$mn                CODE
 0001:00072e50 000021d0H .text$x                 CODE
 0001:00075020 000000d9H .text$yd                CODE
 0002:00000000 000006acH .idata$5                DATA
 0002:000006ac 00000004H .00cfg                  DATA
 0002:000006b0 00000004H .CRT$XCA                DATA
 0002:000006b4 00000004H .CRT$XCAA               DATA
 0002:000006b8 00000004H .CRT$XCL                DATA
 0002:000006bc 0000002cH .CRT$XCU                DATA
 0002:000006e8 00000004H .CRT$XCZ                DATA
 0002:000006ec 00000004H .CRT$XIA                DATA
 0002:000006f0 00000004H .CRT$XIAA               DATA
 0002:000006f4 00000004H .CRT$XIAC               DATA
 0002:000006f8 00000004H .CRT$XIC                DATA
 0002:000006fc 00000004H .CRT$XIZ                DATA
 0002:00000700 00000004H .CRT$XLA                DATA
 0002:00000704 00000004H .CRT$XLZ                DATA
 0002:00000708 00000004H .CRT$XPA                DATA
 0002:0000070c 00000004H .CRT$XPZ                DATA
 0002:00000710 00000004H .CRT$XTA                DATA
 0002:00000714 0000000cH .CRT$XTZ                DATA
 0002:00000718 00000000H .gfids$y                DATA
 0002:00000720 00007d58H .rdata                  DATA
 0002:00008478 00000018H .rdata$T                DATA
 0002:00008490 000024a8H .rdata$r                DATA
 0002:0000a938 000003acH .rdata$zzzdbg           DATA
 0002:0000ace4 00000004H .rtc$IAA                DATA
 0002:0000ace8 00000004H .rtc$IZZ                DATA
 0002:0000acec 00000004H .rtc$TAA                DATA
 0002:0000acf0 00000004H .rtc$TZZ                DATA
 0002:0000acf4 00000004H .tls                    DATA
 0002:0000acf8 00000004H .tls$                   DATA
 0002:0000acfc 00000004H .tls$ZZZ                DATA
 0002:0000ad00 00002348H .xdata$x                DATA
 0002:0000d048 00000000H .edata                  DATA
 0002:0000d048 000001b8H .idata$2                DATA
 0002:0000d200 00000014H .idata$3                DATA
 0002:0000d214 000006acH .idata$4                DATA
 0002:0000d8c0 00002428H .idata$6                DATA
 0003:00000000 00001ea8H .data                   DATA
 0003:00001ea8 00000e68H .data$r                 DATA
 0003:00002d10 000055e0H .bss                    DATA
 0004:00000000 00000060H .rsrc$01                DATA
 0004:00000060 00000180H .rsrc$02                DATA

  Address         Publics by Value              Rva+Base       Lib:Object

 0000:00000000       ___guard_longjmp_count     00000000     <absolute>
 0000:00000000       ___safe_se_handler_table   00000000     <absolute>
 0000:00000000       ___safe_se_handler_count   00000000     <absolute>
 0000:00000000       ___enclave_config          00000000     <absolute>
 0000:00000000       ___guard_fids_count        00000000     <absolute>
 0000:00000000       ___hybrid_auxiliary_iat    00000000     <absolute>
 0000:00000000       ___guard_longjmp_table     00000000     <absolute>
 0000:00000000       ___volatile_metadata       00000000     <absolute>
 0000:00000000       ___guard_iat_count         00000000     <absolute>
 0000:00000000       ___guard_fids_table        00000000     <absolute>
 0000:00000000       ___hybrid_code_map_count   00000000     <absolute>
 0000:00000000       ___hybrid_code_map         00000000     <absolute>
 0000:00000000       ___dynamic_value_reloc_table 00000000     <absolute>
 0000:00000000       ___guard_iat_table         00000000     <absolute>
 0000:0000002c       __tls_array                0000002c     <absolute>
 0000:00000100       ___guard_flags             00000100     <absolute>
 0000:00000000       ___ImageBase               00400000     <linker-defined>
 0001:000001e0       ?GetOption@@YAHHPAPADPAD0@Z 004011e0 f   getopt.obj
 0001:000002c0       ?getopt@@YAHHPAPADPAD@Z    004012c0 f   getopt.obj
 0001:000003b0       ??_H@YGXPAXIIP6EPAX0@Z@Z   004013b0 f i main.obj
 0001:000003e0       ?processArgs@@YA_NHPAPAD@Z 004013e0 f   main.obj
 0001:000004d0       ?usage@@YAXXZ              004014d0 f   main.obj
 0001:000004f0       ___local_stdio_printf_options 004014f0 f i main.obj
 0001:00000500       _fprintf                   00401500 f i main.obj
 0001:00000530       _main                      00401530 f   main.obj
 0001:00000820       ??0RayTracer@@QAE@XZ       00401820 f   RayTracer.obj
 0001:00000850       ??0vec3f@@QAE@XZ           00401850 f i RayTracer.obj
 0001:00000860       ??1?$basic_string@DU?$char_traits@D@std@@V?$allocator@D@2@@std@@QAE@XZ 00401860 f i RayTracer.obj
 0001:000008b0       ??1ParseError@@QAE@XZ      004018b0 f i RayTracer.obj
 0001:00000900       ??1RayTracer@@QAE@XZ       00401900 f   RayTracer.obj
 0001:00000920       ??1isect@@QAE@XZ           00401920 f i RayTracer.obj
 0001:00000940       ?_Xlen@?$basic_string@DU?$char_traits@D@std@@V?$allocator@D@2@@std@@SAXXZ 00401940 f i RayTracer.obj
 0001:00000950       ?allocate@?$allocator@D@std@@QAEPADI@Z 00401950 f i RayTracer.obj
 0001:000009b0       ?aspectRatio@RayTracer@@QAENXZ 004019b0 f   RayTracer.obj
 0001:000009f0       ?assign@?$basic_string@DU?$char_traits@D@std@@V?$allocator@D@2@@std@@QAEAAV12@QBDI@Z 004019f0 f i RayTracer.obj
 0001:00000ae0       ?getBuffer@RayTracer@@QAEXAAPAEAAH1@Z 00401ae0 f   RayTracer.obj
 0001:00000b00       ?loadBackground@RayTracer@@QAEXPAD@Z 00401b00 f   RayTracer.obj
 0001:00000b40       ?loadScene@RayTracer@@QAE_NPAD@Z 00401b40 f   RayTracer.obj
 0001:00000cb0       ?readBackgroundColeur@RayTracer@@QAE?AVvec3f@@NN@Z 00401cb0 f   RayTracer.obj
 0001:00000d50       ?sceneLoaded@RayTracer@@QAE_NXZ 00401d50 f   RayTracer.obj
 0001:00000d60       ?trace@RayTracer@@QAE?AVvec3f@@PAVScene@@NN@Z 00401d60 f   RayTracer.obj
 0001:00000e50       ?traceLines@RayTracer@@QAEXHH@Z 00401e50 f   RayTracer.obj
 0001:00000fd0       ?tracePixel@RayTracer@@QAEXHH@Z 00401fd0 f   RayTracer.obj
 0001:00001100       ?traceRay@RayTracer@@QAE?AVvec3f@@PAVScene@@ABVray@@ABV2@H@Z 00402100 f   RayTracer.obj
 0001:000015f0       ?traceSetup@RayTracer@@QAEXHH@Z 004025f0 f   RayTracer.obj
 0001:00001650       ??0TraceGLWindow@@QAE@HHHHPBD@Z 00402650 f   TraceGLWindow.obj
 0001:000016d0       ??_EFl_Gl_Window@@UAEPAXI@Z 004026d0 f i TraceGLWindow.obj
 0001:000016d0       ??_GFl_Gl_Window@@UAEPAXI@Z 004026d0 f i TraceGLWindow.obj
 0001:00001700       ??_GTraceGLWindow@@UAEPAXI@Z 00402700 f i TraceGLWindow.obj
 0001:00001700       ??_ETraceGLWindow@@UAEPAXI@Z 00402700 f i TraceGLWindow.obj
 0001:00001730       ?as_gl_window@Fl_Gl_Window@@UAEPAV1@XZ 00402730 f i TraceGLWindow.obj
 0001:00001740       ?as_group@Fl_Group@@UAEPAV1@XZ 00402740 f i TraceGLWindow.obj
 0001:00001750       ?as_window@Fl_Window@@UAEPAV1@XZ 00402750 f i TraceGLWindow.obj
 0001:00001760       ?draw@TraceGLWindow@@UAEXXZ 00402760 f   TraceGLWindow.obj
 0001:00001840       ?handle@TraceGLWindow@@UAEHH@Z 00402840 f   TraceGLWindow.obj
 0001:00001850       ?refresh@TraceGLWindow@@QAEXXZ 00402850 f   TraceGLWindow.obj
 0001:00001860       ?resizeWindow@TraceGLWindow@@QAEXHH@Z 00402860 f   TraceGLWindow.obj
 0001:00001890       ?saveImage@TraceGLWindow@@QAEXPAD@Z 00402890 f   TraceGLWindow.obj
 0001:000018e0       ?setRayTracer@TraceGLWindow@@QAEXPAVRayTracer@@@Z 004028e0 f   TraceGLWindow.obj
 0001:000018f0       ?cb_load_scene@TraceUI@@CAXPAVFl_Menu_@@PAX@Z 004028f0 f   TraceUI.obj
 0001:00001990       ?cb_save_image@TraceUI@@CAXPAVFl_Menu_@@PAX@Z 00402990 f   TraceUI.obj
 0001:000019d0       ?cb_exit@TraceUI@@CAXPAVFl_Menu_@@PAX@Z 004029d0 f   TraceUI.obj
 0001:00001a00       ?cb_about@TraceUI@@CAXPAVFl_Menu_@@PAX@Z 00402a00 f   TraceUI.obj
 0001:00001a10       ?cb_loadBackground@TraceUI@@CAXPAVFl_Menu_@@PAX@Z 00402a10 f   TraceUI.obj
 0001:00001a50       ??0TraceUI@@QAE@XZ         00402a50 f   TraceUI.obj
 0001:00001fe0       ?cb_constAttenSlides@TraceUI@@CAXPAVFl_Widget@@PAX@Z 00402fe0 f   TraceUI.obj
 0001:00002000       ?cb_depthSlides@TraceUI@@CAXPAVFl_Widget@@PAX@Z 00403000 f   TraceUI.obj
 0001:00002020       ?cb_exit2@TraceUI@@CAXPAVFl_Widget@@PAX@Z 00403020 f   TraceUI.obj
 0001:00002050       ?cb_linearAttenSlides@TraceUI@@CAXPAVFl_Widget@@PAX@Z 00403050 f   TraceUI.obj
 0001:00002070       ?cb_quadAttenSlides@TraceUI@@CAXPAVFl_Widget@@PAX@Z 00403070 f   TraceUI.obj
 0001:00002090       ?cb_render@TraceUI@@CAXPAVFl_Widget@@PAX@Z 00403090 f   TraceUI.obj
 0001:000022a0       ?cb_sizeSlides@TraceUI@@CAXPAVFl_Widget@@PAX@Z 004032a0 f   TraceUI.obj
 0001:000022f0       ?cb_stop@TraceUI@@CAXPAVFl_Widget@@PAX@Z 004032f0 f   TraceUI.obj
 0001:00002300       ?getDepth@TraceUI@@QAEHXZ  00403300 f   TraceUI.obj
 0001:00002310       ?getSize@TraceUI@@QAEHXZ   00403310 f   TraceUI.obj
 0001:00002320       ?setRayTracer@TraceUI@@QAEXPAVRayTracer@@@Z 00403320 f   TraceUI.obj
 0001:00002340       ?show@TraceUI@@QAEXXZ      00403340 f   TraceUI.obj
 0001:00002350       ?whoami@TraceUI@@CAPAV1@PAVFl_Menu_@@@Z 00403350 f   TraceUI.obj
 0001:00002360       _sprintf                   00403360 f i TraceUI.obj
 0001:000023a0       ?readBMP@@YAPAEPADAAH1@Z   004033a0 f   bitmap.obj
 0001:00002530       ?writeBMP@@YAXPADHHPAE@Z   00403530 f   bitmap.obj
 0001:000026c0       ??$?0V?$allocator@U?$_Tree_node@U?$pair@$$CBV?$basic_string@DU?$char_traits@D@std@@V?$allocator@D@2@@std@@PAVObj@@@std@@PAX@std@@@std@@@?$_Tree@V?$_Tmap_traits@V?$basic_string@DU?$char_traits@D@std@@V?$allocator@D@2@@std@@PAVObj@@U?$less@V?$basic_string@DU?$char_traits@D@std@@V?$allocator@D@2@@std@@@2@V?$allocator@U?$pair@$$CBV?$basic_string@DU?$char_traits@D@std@@V?$allocator@D@2@@std@@PAVObj@@@std@@@2@$0A@@std@@@std@@QAE@ABV01@$$QAV?$allocator@U?$_Tree_node@U?$pair@$$CBV?$basic_string@DU?$char_traits@D@std@@V?$allocator@D@2@@std@@PAVObj@@@std@@PAX@std@@@1@@Z 004036c0 f i parse.obj
 0001:000027a0       ??$?6U?$char_traits@D@std@@@std@@YAAAV?$basic_ostream@DU?$char_traits@D@std@@@0@AAV10@D@Z 004037a0 f i parse.obj
 0001:000029c0       ??$?6U?$char_traits@D@std@@@std@@YAAAV?$basic_ostream@DU?$char_traits@D@std@@@0@AAV10@PBD@Z 004039c0 f i parse.obj
 0001:00002c10       ??$?8DU?$char_traits@D@std@@V?$allocator@D@1@@std@@YA_NABV?$basic_string@DU?$char_traits@D@std@@V?$allocator@D@2@@0@QBD@Z 00403c10 f i parse.obj
 0001:00002ca0       ??$?HDU?$char_traits@D@std@@V?$allocator@D@1@@std@@YA?AV?$basic_string@DU?$char_traits@D@std@@V?$allocator@D@2@@0@$$QAV10@0@Z 00403ca0 f i parse.obj
 0001:00002d20       ??$_Buynode@AAU?$pair@$$CBV?$basic_string@DU?$char_traits@D@std@@V?$allocator@D@2@@std@@PAVObj@@@std@@@?$_Tree_comp_alloc@V?$_Tmap_traits@V?$basic_string@DU?$char_traits@D@std@@V?$allocator@D@2@@std@@PAVObj@@U?$less@V?$basic_string@DU?$char_traits@D@std@@V?$allocator@D@2@@std@@@2@V?$allocator@U?$pair@$$CBV?$basic_string@DU?$char_traits@D@std@@V?$allocator@D@2@@std@@PAVObj@@@std@@@2@$0A@@std@@@std@@QAEPAU?$_Tree_node@U?$pair@$$CBV?$basic_string@DU?$char_traits@D@std@@V?$allocator@D@2@@std@@PAVObj@@@std@@PAX@1@AAU?$pair@$$CBV?$basic_string@DU?$char_traits@D@std@@V?$allocator@D@2@@std@@PAVObj@@@1@@Z 00403d20 f i parse.obj
 0001:00002db0       ??$_Buynode@ABUpiecewise_construct_t@std@@V?$tuple@ABV?$basic_string@DU?$char_traits@D@std@@V?$allocator@D@2@@std@@@2@V?$tuple@$$V@2@@?$_Tree_comp_alloc@V?$_Tmap_traits@V?$basic_string@DU?$char_traits@D@std@@V?$allocator@D@2@@std@@PAVObj@@U?$less@V?$basic_string@DU?$char_traits@D@std@@V?$allocator@D@2@@std@@@2@V?$allocator@U?$pair@$$CBV?$basic_string@DU?$char_traits@D@std@@V?$allocator@D@2@@std@@PAVObj@@@std@@@2@$0A@@std@@@std@@QAEPAU?$_Tree_node@U?$pair@$$CBV?$basic_string@DU?$char_traits@D@std@@V?$allocator@D@2@@std@@PAVObj@@@std@@PAX@1@ABUpiecewise_construct_t@1@$$QAV?$tuple@ABV?$basic_string@DU?$char_traits@D@std@@V?$allocator@D@2@@std@@@1@$$QAV?$tuple@$$V@1@@Z 00403db0 f i parse.obj
 0001:00002e40       ??$_Copy_nodes@U_Copy_tag@?$_Tree@V?$_Tmap_traits@V?$basic_string@DU?$char_traits@D@std@@V?$allocator@D@2@@std@@PAVObj@@U?$less@V?$basic_string@DU?$char_traits@D@std@@V?$allocator@D@2@@std@@@2@V?$allocator@U?$pair@$$CBV?$basic_string@DU?$char_traits@D@std@@V?$allocator@D@2@@std@@PAVObj@@@std@@@2@$0A@@std@@@std@@@?$_Tree@V?$_Tmap_traits@V?$basic_string@DU?$char_traits@D@std@@V?$allocator@D@2@@std@@PAVObj@@U?$less@V?$basic_string@DU?$char_traits@D@std@@V?$allocator@D@2@@std@@@2@V?$allocator@U?$pair@$$CBV?$basic_string@DU?$char_traits@D@std@@V?$allocator@D@2@@std@@PAVObj@@@std@@@2@$0A@@std@@@std@@IAEPAU?$_Tree_node@U?$pair@$$CBV?$basic_string@DU?$char_traits@D@std@@V?$allocator@D@2@@std@@PAVObj@@@std@@PAX@1@PAU21@0U_Copy_tag@01@@Z 00403e40 f i parse.obj
 0001:00002f00       ??$_Emplace_reallocate@PAVObj@@@?$vector@PAVObj@@V?$allocator@PAVObj@@@std@@@std@@QAEPAPAVObj@@QAPAV2@$$QAPAV2@@Z 00403f00 f i parse.obj
 0001:00003010       ??$_Insert_at@AAU?$pair@$$CBV?$basic_string@DU?$char_traits@D@std@@V?$allocator@D@2@@std@@PAVObj@@@std@@PAU?$_Tree_node@U?$pair@$$CBV?$basic_string@DU?$char_traits@D@std@@V?$allocator@D@2@@std@@PAVObj@@@std@@PAX@2@@?$_Tree@V?$_Tmap_traits@V?$basic_string@DU?$char_traits@D@std@@V?$allocator@D@2@@std@@PAVObj@@U?$less@V?$basic_string@DU?$char_traits@D@std@@V?$allocator@D@2@@std@@@2@V?$allocator@U?$pair@$$CBV?$basic_string@DU?$char_traits@D@std@@V?$allocator@D@2@@std@@PAVObj@@@std@@@2@$0A@@std@@@std@@IAE?AV?$_Tree_iterator@V?$_Tree_val@U?$_Tree_simple_types@U?$pair@$$CBV?$basic_string@DU?$char_traits@D@std@@V?$allocator@D@2@@std@@PAVObj@@@std@@@std@@@std@@@1@_NPAU?$_Tree_node@U?$pair@$$CBV?$basic_string@DU?$char_traits@D@std@@V?$allocator@D@2@@std@@PAVObj@@@std@@PAX@1@AAU?$pair@$$CBV?$basic_string@DU?$char_traits@D@std@@V?$allocator@D@2@@std@@PAVObj@@@1@1@Z 00404010 f i parse.obj
 0001:00003170       ??$_Insert_hint@AAU?$pair@$$CBV?$basic_string@DU?$char_traits@D@std@@V?$allocator@D@2@@std@@PAVObj@@@std@@PAU?$_Tree_node@U?$pair@$$CBV?$basic_string@DU?$char_traits@D@std@@V?$allocator@D@2@@std@@PAVObj@@@std@@PAX@2@@?$_Tree@V?$_Tmap_traits@V?$basic_string@DU?$char_traits@D@std@@V?$allocator@D@2@@std@@PAVObj@@U?$less@V?$basic_string@DU?$char_traits@D@std@@V?$allocator@D@2@@std@@@2@V?$allocator@U?$pair@$$CBV?$basic_string@DU?$char_traits@D@std@@V?$allocator@D@2@@std@@PAVObj@@@std@@@2@$0A@@std@@@std@@IAE?AV?$_Tree_iterator@V?$_Tree_val@U?$_Tree_simple_types@U?$pair@$$CBV?$basic_string@DU?$char_traits@D@std@@V?$allocator@D@2@@std@@PAVObj@@@std@@@std@@@std@@@1@V?$_Tree_const_iterator@V?$_Tree_val@U?$_Tree_simple_types@U?$pair@$$CBV?$basic_string@DU?$char_traits@D@std@@V?$allocator@D@2@@std@@PAVObj@@@std@@@std@@@std@@@1@AAU?$pair@$$CBV?$basic_string@DU?$char_traits@D@std@@V?$allocator@D@2@@std@@PAVObj@@@1@PAU?$_Tree_node@U?$pair@$$CBV?$basic_string@DU?$char_traits@D@std@@V?$allocator@D@2@@std@@PAVObj@@@std@@PAX@1@@Z 00404170 f i parse.obj
 0001:000033c0       ??$_Insert_nohint@AAU?$pair@$$CBV?$basic_string@DU?$char_traits@D@std@@V?$allocator@D@2@@std@@PAVObj@@@std@@PAU?$_Tree_node@U?$pair@$$CBV?$basic_string@DU?$char_traits@D@std@@V?$allocator@D@2@@std@@PAVObj@@@std@@PAX@2@@?$_Tree@V?$_Tmap_traits@V?$basic_string@DU?$char_traits@D@std@@V?$allocator@D@2@@std@@PAVObj@@U?$less@V?$basic_string@DU?$char_traits@D@std@@V?$allocator@D@2@@std@@@2@V?$allocator@U?$pair@$$CBV?$basic_string@DU?$char_traits@D@std@@V?$allocator@D@2@@std@@PAVObj@@@std@@@2@$0A@@std@@@std@@IAE?AU?$pair@V?$_Tree_iterator@V?$_Tree_val@U?$_Tree_simple_types@U?$pair@$$CBV?$basic_string@DU?$char_traits@D@std@@V?$allocator@D@2@@std@@PAVObj@@@std@@@std@@@std@@@std@@_N@1@_NAAU?$pair@$$CBV?$basic_string@DU?$char_traits@D@std@@V?$allocator@D@2@@std@@PAVObj@@@1@PAU?$_Tree_node@U?$pair@$$CBV?$basic_string@DU?$char_traits@D@std@@V?$allocator@D@2@@std@@PAVObj@@@std@@PAX@1@@Z 004043c0 f i parse.obj
 0001:00003570       ??$_Insert_string@DU?$char_traits@D@std@@I@std@@YAAAV?$basic_ostream@DU?$char_traits@D@std@@@0@AAV10@QBDI@Z 00404570 f i parse.obj
 0001:00003780       ??$_Traits_compare@U?$char_traits@D@std@@@std@@YAHQBDI0I@Z 00404780 f i parse.obj
 0001:00003810       ??0?$basic_string@DU?$char_traits@D@std@@V?$allocator@D@2@@std@@QAE@ABV01@@Z 00404810 f i parse.obj
 0001:000038a0       ??0?$basic_string@DU?$char_traits@D@std@@V?$allocator@D@2@@std@@QAE@QBD@Z 004048a0 f i parse.obj
 0001:000038e0       ??0?$vector@PAVObj@@V?$allocator@PAVObj@@@std@@@std@@QAE@ABV01@@Z 004048e0 f i parse.obj
 0001:00003960       ??0Exception@@QAE@ABV0@@Z  00404960 f i parse.obj
 0001:00003980       ??0IdObj@@QAE@ABV?$basic_string@DU?$char_traits@D@std@@V?$allocator@D@2@@std@@@Z 00404980 f i parse.obj
 0001:000039e0       ??0ObjTypeMismatch@@QAE@ABV0@@Z 004049e0 f i parse.obj
 0001:00003a00       ??0ObjTypeMismatch@@QAE@V?$basic_string@DU?$char_traits@D@std@@V?$allocator@D@2@@std@@0@Z 00404a00 f i parse.obj
 0001:00003e30       ??0ParseError@@QAE@ABV0@@Z 00404e30 f i parse.obj
 0001:00003e50       ??0ParseError@@QAE@ABV?$basic_string@DU?$char_traits@D@std@@V?$allocator@D@2@@std@@@Z 00404e50 f i parse.obj
 0001:00003e70       ??1?$_Tree_comp_alloc@V?$_Tmap_traits@V?$basic_string@DU?$char_traits@D@std@@V?$allocator@D@2@@std@@PAVObj@@U?$less@V?$basic_string@DU?$char_traits@D@std@@V?$allocator@D@2@@std@@@2@V?$allocator@U?$pair@$$CBV?$basic_string@DU?$char_traits@D@std@@V?$allocator@D@2@@std@@PAVObj@@@std@@@2@$0A@@std@@@std@@QAE@XZ 00404e70 f i parse.obj
 0001:00003e80       ??1?$map@V?$basic_string@DU?$char_traits@D@std@@V?$allocator@D@2@@std@@PAVObj@@U?$less@V?$basic_string@DU?$char_traits@D@std@@V?$allocator@D@2@@std@@@2@V?$allocator@U?$pair@$$CBV?$basic_string@DU?$char_traits@D@std@@V?$allocator@D@2@@std@@PAVObj@@@std@@@2@@std@@QAE@XZ 00404e80 f i parse.obj
 0001:00003ef0       ??1?$vector@PAVObj@@V?$allocator@PAVObj@@@std@@@std@@QAE@XZ 00404ef0 f i parse.obj
 0001:00003f50       ??1BooleanObj@@UAE@XZ      00404f50 f i parse.obj
 0001:00003f60       ??1DictObj@@UAE@XZ         00404f60 f i parse.obj
 0001:00004010       ??1IdObj@@UAE@XZ           00405010 f i parse.obj
 0001:00004070       ??1NamedObj@@UAE@XZ        00405070 f i parse.obj
 0001:000040e0       ??1Obj@@UAE@XZ             004050e0 f i parse.obj
 0001:000040f0       ??1ObjTypeMismatch@@QAE@XZ 004050f0 f i parse.obj
 0001:00004140       ??1ScalarObj@@UAE@XZ       00405140 f i parse.obj
 0001:00004150       ??1StringObj@@UAE@XZ       00405150 f i parse.obj
 0001:000041b0       ??1TupleObj@@UAE@XZ        004051b0 f i parse.obj
 0001:00004230       ??1_Sentry_base@?$basic_ostream@DU?$char_traits@D@std@@@std@@QAE@XZ 00405230 f i parse.obj
 0001:00004280       ??1sentry@?$basic_ostream@DU?$char_traits@D@std@@@std@@QAE@XZ 00405280 f i parse.obj
 0001:000042f0       ??E?$_Tree_const_iterator@V?$_Tree_val@U?$_Tree_simple_types@U?$pair@$$CBV?$basic_string@DU?$char_traits@D@std@@V?$allocator@D@2@@std@@PAVObj@@@std@@@std@@@std@@@std@@QAEAAV01@XZ 004052f0 f i parse.obj
 0001:00004350       ??F?$_Tree_const_iterator@V?$_Tree_val@U?$_Tree_simple_types@U?$pair@$$CBV?$basic_string@DU?$char_traits@D@std@@V?$allocator@D@2@@std@@PAVObj@@@std@@@std@@@std@@@std@@QAEAAV01@XZ 00405350 f i parse.obj
 0001:000043e0       ??R?$less@V?$basic_string@DU?$char_traits@D@std@@V?$allocator@D@2@@std@@@std@@QBE_NABV?$basic_string@DU?$char_traits@D@std@@V?$allocator@D@2@@1@0@Z 004053e0 f i parse.obj
 0001:00004420       ??_GBooleanObj@@UAEPAXI@Z  00405420 f i parse.obj
 0001:00004420       ??_EBooleanObj@@UAEPAXI@Z  00405420 f i parse.obj
 0001:00004450       ??_GDictObj@@UAEPAXI@Z     00405450 f i parse.obj
 0001:00004450       ??_EDictObj@@UAEPAXI@Z     00405450 f i parse.obj
 0001:00004520       ??_EIdObj@@UAEPAXI@Z       00405520 f i parse.obj
 0001:00004520       ??_GIdObj@@UAEPAXI@Z       00405520 f i parse.obj
 0001:000045a0       ??_ENamedObj@@UAEPAXI@Z    004055a0 f i parse.obj
 0001:000045a0       ??_GNamedObj@@UAEPAXI@Z    004055a0 f i parse.obj
 0001:00004620       ??_GObj@@UAEPAXI@Z         00405620 f i parse.obj
 0001:00004620       ??_EObj@@UAEPAXI@Z         00405620 f i parse.obj
 0001:00004650       ??_EScalarObj@@UAEPAXI@Z   00405650 f i parse.obj
 0001:00004650       ??_GScalarObj@@UAEPAXI@Z   00405650 f i parse.obj
 0001:00004680       ??_EStringObj@@UAEPAXI@Z   00405680 f i parse.obj
 0001:00004680       ??_GStringObj@@UAEPAXI@Z   00405680 f i parse.obj
 0001:00004700       ??_GTupleObj@@UAEPAXI@Z    00405700 f i parse.obj
 0001:00004700       ??_ETupleObj@@UAEPAXI@Z    00405700 f i parse.obj
 0001:000047a0       ?_Buyheadnode@?$_Tree_comp_alloc@V?$_Tmap_traits@V?$basic_string@DU?$char_traits@D@std@@V?$allocator@D@2@@std@@PAVObj@@U?$less@V?$basic_string@DU?$char_traits@D@std@@V?$allocator@D@2@@std@@@2@V?$allocator@U?$pair@$$CBV?$basic_string@DU?$char_traits@D@std@@V?$allocator@D@2@@std@@PAVObj@@@std@@@2@$0A@@std@@@std@@QAEPAU?$_Tree_node@U?$pair@$$CBV?$basic_string@DU?$char_traits@D@std@@V?$allocator@D@2@@std@@PAVObj@@@std@@PAX@2@XZ 004057a0 f i parse.obj
 0001:000047c0       ?_Buynode0@?$_Tree_comp_alloc@V?$_Tmap_traits@V?$basic_string@DU?$char_traits@D@std@@V?$allocator@D@2@@std@@PAVObj@@U?$less@V?$basic_string@DU?$char_traits@D@std@@V?$allocator@D@2@@std@@@2@V?$allocator@U?$pair@$$CBV?$basic_string@DU?$char_traits@D@std@@V?$allocator@D@2@@std@@PAVObj@@@std@@@2@$0A@@std@@@std@@QAEPAU?$_Tree_node@U?$pair@$$CBV?$basic_string@DU?$char_traits@D@std@@V?$allocator@D@2@@std@@PAVObj@@@std@@PAX@2@XZ 004057c0 f i parse.obj
 0001:000047e0       ?_Destroy_if_node@?$_Tree@V?$_Tmap_traits@V?$basic_string@DU?$char_traits@D@std@@V?$allocator@D@2@@std@@PAVObj@@U?$less@V?$basic_string@DU?$char_traits@D@std@@V?$allocator@D@2@@std@@@2@V?$allocator@U?$pair@$$CBV?$basic_string@DU?$char_traits@D@std@@V?$allocator@D@2@@std@@PAVObj@@@std@@@2@$0A@@std@@@std@@IAEXPAU?$_Tree_node@U?$pair@$$CBV?$basic_string@DU?$char_traits@D@std@@V?$allocator@D@2@@std@@PAVObj@@@std@@PAX@2@@Z 004057e0 f i parse.obj
 0001:00004840       ?_Erase@?$_Tree@V?$_Tmap_traits@V?$basic_string@DU?$char_traits@D@std@@V?$allocator@D@2@@std@@PAVObj@@U?$less@V?$basic_string@DU?$char_traits@D@std@@V?$allocator@D@2@@std@@@2@V?$allocator@U?$pair@$$CBV?$basic_string@DU?$char_traits@D@std@@V?$allocator@D@2@@std@@PAVObj@@@std@@@2@$0A@@std@@@std@@IAEXPAU?$_Tree_node@U?$pair@$$CBV?$basic_string@DU?$char_traits@D@std@@V?$allocator@D@2@@std@@PAVObj@@@std@@PAX@2@@Z 00405840 f i parse.obj
 0001:000048d0       ?_Freenode0@?$_Tree_comp_alloc@V?$_Tmap_traits@V?$basic_string@DU?$char_traits@D@std@@V?$allocator@D@2@@std@@PAVObj@@U?$less@V?$basic_string@DU?$char_traits@D@std@@V?$allocator@D@2@@std@@@2@V?$allocator@U?$pair@$$CBV?$basic_string@DU?$char_traits@D@std@@V?$allocator@D@2@@std@@PAVObj@@@std@@@2@$0A@@std@@@std@@QAEXPAU?$_Tree_node@U?$pair@$$CBV?$basic_string@DU?$char_traits@D@std@@V?$allocator@D@2@@std@@PAVObj@@@std@@PAX@2@@Z 004058d0 f i parse.obj
 0001:000048f0       ?_Lrotate@?$_Tree_val@U?$_Tree_simple_types@U?$pair@$$CBV?$basic_string@DU?$char_traits@D@std@@V?$allocator@D@2@@std@@PAVObj@@@std@@@std@@@std@@QAEXPAU?$_Tree_node@U?$pair@$$CBV?$basic_string@DU?$char_traits@D@std@@V?$allocator@D@2@@std@@PAVObj@@@std@@PAX@2@@Z 004058f0 f i parse.obj
 0001:00004950       ?_Rrotate@?$_Tree_val@U?$_Tree_simple_types@U?$pair@$$CBV?$basic_string@DU?$char_traits@D@std@@V?$allocator@D@2@@std@@PAVObj@@@std@@@std@@@std@@QAEXPAU?$_Tree_node@U?$pair@$$CBV?$basic_string@DU?$char_traits@D@std@@V?$allocator@D@2@@std@@PAVObj@@@std@@PAX@2@@Z 00405950 f i parse.obj
 0001:000049b0       ?_Tidy@?$_Tree@V?$_Tmap_traits@V?$basic_string@DU?$char_traits@D@std@@V?$allocator@D@2@@std@@PAVObj@@U?$less@V?$basic_string@DU?$char_traits@D@std@@V?$allocator@D@2@@std@@@2@V?$allocator@U?$pair@$$CBV?$basic_string@DU?$char_traits@D@std@@V?$allocator@D@2@@std@@PAVObj@@@std@@@2@$0A@@std@@@std@@IAEXXZ 004059b0 f i parse.obj
 0001:00004a10       ?_Xlength@?$vector@PAVObj@@V?$allocator@PAVObj@@@std@@@std@@CAXXZ 00405a10 f i parse.obj
 0001:00004a20       ?_Xran@?$_String_val@U?$_Simple_types@D@std@@@std@@SAXXZ 00405a20 f i parse.obj
 0001:00004a30       ?allocate@?$allocator@PAVObj@@@std@@QAEPAPAVObj@@I@Z 00405a30 f i parse.obj
 0001:00004aa0       ?append@?$basic_string@DU?$char_traits@D@std@@V?$allocator@D@2@@std@@QAEAAV12@QBDI@Z 00405aa0 f i parse.obj
 0001:00004dd0       ?getBoolean@BooleanObj@@UBE_NXZ 00405dd0 f i parse.obj
 0001:00004de0       ?getBoolean@Obj@@UBE_NXZ   00405de0 f i parse.obj
 0001:00004e50       ?getChild@NamedObj@@UBEPAVObj@@XZ 00405e50 f i parse.obj
 0001:00004e60       ?getChild@Obj@@UBEPAV1@XZ  00405e60 f i parse.obj
 0001:00004ed0       ?getDict@DictObj@@UBEABV?$map@V?$basic_string@DU?$char_traits@D@std@@V?$allocator@D@2@@std@@PAVObj@@U?$less@V?$basic_string@DU?$char_traits@D@std@@V?$allocator@D@2@@std@@@2@V?$allocator@U?$pair@$$CBV?$basic_string@DU?$char_traits@D@std@@V?$allocator@D@2@@std@@PAVObj@@@std@@@2@@std@@XZ 00405ed0 f i parse.obj
 0001:00004ee0       ?getDict@Obj@@UBEABV?$map@V?$basic_string@DU?$char_traits@D@std@@V?$allocator@D@2@@std@@PAVObj@@U?$less@V?$basic_string@DU?$char_traits@D@std@@V?$allocator@D@2@@std@@@2@V?$allocator@U?$pair@$$CBV?$basic_string@DU?$char_traits@D@std@@V?$allocator@D@2@@std@@PAVObj@@@std@@@2@@std@@XZ 00405ee0 f i parse.obj
 0001:00004f50       ?getID@IdObj@@UBE?AV?$basic_string@DU?$char_traits@D@std@@V?$allocator@D@2@@std@@XZ 00405f50 f i parse.obj
 0001:00004f70       ?getID@Obj@@UBE?AV?$basic_string@DU?$char_traits@D@std@@V?$allocator@D@2@@std@@XZ 00405f70 f i parse.obj
 0001:00004fe0       ?getName@NamedObj@@UBE?AV?$basic_string@DU?$char_traits@D@std@@V?$allocator@D@2@@std@@XZ 00405fe0 f i parse.obj
 0001:00005000       ?getName@Obj@@UBE?AV?$basic_string@DU?$char_traits@D@std@@V?$allocator@D@2@@std@@XZ 00406000 f i parse.obj
 0001:00005070       ?getScalar@Obj@@UBENXZ     00406070 f i parse.obj
 0001:000050e0       ?getScalar@ScalarObj@@UBENXZ 004060e0 f i parse.obj
 0001:000050f0       ?getString@Obj@@UBE?AV?$basic_string@DU?$char_traits@D@std@@V?$allocator@D@2@@std@@XZ 004060f0 f i parse.obj
 0001:00005160       ?getString@StringObj@@UBE?AV?$basic_string@DU?$char_traits@D@std@@V?$allocator@D@2@@std@@XZ 00406160 f i parse.obj
 0001:00005180       ?getTuple@Obj@@UBEABV?$vector@PAVObj@@V?$allocator@PAVObj@@@std@@@std@@XZ 00406180 f i parse.obj
 0001:000051f0       ?getTuple@TupleObj@@UBEABV?$vector@PAVObj@@V?$allocator@PAVObj@@@std@@@std@@XZ 004061f0 f i parse.obj
 0001:00005200       ?getTypeName@BooleanObj@@UBE?AV?$basic_string@DU?$char_traits@D@std@@V?$allocator@D@2@@std@@XZ 00406200 f i parse.obj
 0001:00005230       ?getTypeName@DictObj@@UBE?AV?$basic_string@DU?$char_traits@D@std@@V?$allocator@D@2@@std@@XZ 00406230 f i parse.obj
 0001:00005260       ?getTypeName@IdObj@@UBE?AV?$basic_string@DU?$char_traits@D@std@@V?$allocator@D@2@@std@@XZ 00406260 f i parse.obj
 0001:00005290       ?getTypeName@NamedObj@@UBE?AV?$basic_string@DU?$char_traits@D@std@@V?$allocator@D@2@@std@@XZ 00406290 f i parse.obj
 0001:000052c0       ?getTypeName@Obj@@UBE?AV?$basic_string@DU?$char_traits@D@std@@V?$allocator@D@2@@std@@XZ 004062c0 f i parse.obj
 0001:000052f0       ?getTypeName@ScalarObj@@UBE?AV?$basic_string@DU?$char_traits@D@std@@V?$allocator@D@2@@std@@XZ 004062f0 f i parse.obj
 0001:00005320       ?getTypeName@StringObj@@UBE?AV?$basic_string@DU?$char_traits@D@std@@V?$allocator@D@2@@std@@XZ 00406320 f i parse.obj
 0001:00005350       ?getTypeName@TupleObj@@UBE?AV?$basic_string@DU?$char_traits@D@std@@V?$allocator@D@2@@std@@XZ 00406350 f i parse.obj
 0001:00005380       ?insert@?$basic_string@DU?$char_traits@D@std@@V?$allocator@D@2@@std@@QAEAAV12@IQBDI@Z 00406380 f i parse.obj
 0001:00005570       ?printOn@BooleanObj@@UBEXAAV?$basic_ostream@DU?$char_traits@D@std@@@std@@@Z 00406570 f i parse.obj
 0001:000055a0       ?printOn@DictObj@@UBEXAAV?$basic_ostream@DU?$char_traits@D@std@@@std@@@Z 004065a0 f i parse.obj
 0001:00005680       ?printOn@IdObj@@UBEXAAV?$basic_ostream@DU?$char_traits@D@std@@@std@@@Z 00406680 f i parse.obj
 0001:000056b0       ?printOn@NamedObj@@UBEXAAV?$basic_ostream@DU?$char_traits@D@std@@@std@@@Z 004066b0 f i parse.obj
 0001:000056f0       ?printOn@Obj@@UBEXAAV?$basic_ostream@DU?$char_traits@D@std@@@std@@@Z 004066f0 f i parse.obj
 0001:00005700       ?printOn@ScalarObj@@UBEXAAV?$basic_ostream@DU?$char_traits@D@std@@@std@@@Z 00406700 f i parse.obj
 0001:00005720       ?printOn@StringObj@@UBEXAAV?$basic_ostream@DU?$char_traits@D@std@@@std@@@Z 00406720 f i parse.obj
 0001:00005760       ?printOn@TupleObj@@UBEXAAV?$basic_ostream@DU?$char_traits@D@std@@@std@@@Z 00406760 f i parse.obj
 0001:000057e0       ?push_back@?$basic_string@DU?$char_traits@D@std@@V?$allocator@D@2@@std@@QAEXD@Z 004067e0 f i parse.obj
 0001:00005c50       ?readFile@@YAPAVObj@@AAV?$basic_istream@DU?$char_traits@D@std@@@std@@@Z 00406c50 f   parse.obj
 0001:00006250       ??$?HDU?$char_traits@D@std@@V?$allocator@D@1@@std@@YA?AV?$basic_string@DU?$char_traits@D@std@@V?$allocator@D@2@@0@$$QAV10@ABV10@@Z 00407250 f i read.obj
 0001:000062b0       ??$?HDU?$char_traits@D@std@@V?$allocator@D@1@@std@@YA?AV?$basic_string@DU?$char_traits@D@std@@V?$allocator@D@2@@0@$$QAV10@QBD@Z 004072b0 f i read.obj
 0001:00006310       ??$_Buynode@ABQAVGeometry@@@?$_List_buy@PAVGeometry@@V?$allocator@PAVGeometry@@@std@@@std@@QAEPAU?$_List_node@PAVGeometry@@PAX@1@PAU21@0ABQAVGeometry@@@Z 00407310 f i read.obj
 0001:00006330       ??$_Buynode@ABQAVLight@@@?$_List_buy@PAVLight@@V?$allocator@PAVLight@@@std@@@std@@QAEPAU?$_List_node@PAVLight@@PAX@1@PAU21@0ABQAVLight@@@Z 00407330 f i read.obj
 0001:00006350       ??$_Buynode@ABQAVTransformNode@@@?$_List_buy@PAVTransformNode@@V?$allocator@PAVTransformNode@@@std@@@std@@QAEPAU?$_List_node@PAVTransformNode@@PAX@1@PAU21@0ABQAVTransformNode@@@Z 00407350 f i read.obj
 0001:00006370       ??$_Buynode@ABUpiecewise_construct_t@std@@V?$tuple@ABV?$basic_string@DU?$char_traits@D@std@@V?$allocator@D@2@@std@@@2@V?$tuple@$$V@2@@?$_Tree_comp_alloc@V?$_Tmap_traits@V?$basic_string@DU?$char_traits@D@std@@V?$allocator@D@2@@std@@PAVMaterial@@U?$less@V?$basic_string@DU?$char_traits@D@std@@V?$allocator@D@2@@std@@@2@V?$allocator@U?$pair@$$CBV?$basic_string@DU?$char_traits@D@std@@V?$allocator@D@2@@std@@PAVMaterial@@@std@@@2@$0A@@std@@@std@@QAEPAU?$_Tree_node@U?$pair@$$CBV?$basic_string@DU?$char_traits@D@std@@V?$allocator@D@2@@std@@PAVMaterial@@@std@@PAX@1@ABUpiecewise_construct_t@1@$$QAV?$tuple@ABV?$basic_string@DU?$char_traits@D@std@@V?$allocator@D@2@@std@@@1@$$QAV?$tuple@$$V@1@@Z 00407370 f i read.obj
 0001:00006400       ??$_Fputc@D@std@@YA_NDPAU_iobuf@@@Z 00407400 f i read.obj
 0001:00006420       ??$_Insert_at@AAU?$pair@$$CBV?$basic_string@DU?$char_traits@D@std@@V?$allocator@D@2@@std@@PAVMaterial@@@std@@PAU?$_Tree_node@U?$pair@$$CBV?$basic_string@DU?$char_traits@D@std@@V?$allocator@D@2@@std@@PAVMaterial@@@std@@PAX@2@@?$_Tree@V?$_Tmap_traits@V?$basic_string@DU?$char_traits@D@std@@V?$allocator@D@2@@std@@PAVMaterial@@U?$less@V?$basic_string@DU?$char_traits@D@std@@V?$allocator@D@2@@std@@@2@V?$allocator@U?$pair@$$CBV?$basic_string@DU?$char_traits@D@std@@V?$allocator@D@2@@std@@PAVMaterial@@@std@@@2@$0A@@std@@@std@@IAE?AV?$_Tree_iterator@V?$_Tree_val@U?$_Tree_simple_types@U?$pair@$$CBV?$basic_string@DU?$char_traits@D@std@@V?$allocator@D@2@@std@@PAVMaterial@@@std@@@std@@@std@@@1@_NPAU?$_Tree_node@U?$pair@$$CBV?$basic_string@DU?$char_traits@D@std@@V?$allocator@D@2@@std@@PAVMaterial@@@std@@PAX@1@AAU?$pair@$$CBV?$basic_string@DU?$char_traits@D@std@@V?$allocator@D@2@@std@@PAVMaterial@@@1@1@Z 00407420 f i read.obj
 0001:00006580       ??$_Insert_hint@AAU?$pair@$$CBV?$basic_string@DU?$char_traits@D@std@@V?$allocator@D@2@@std@@PAVMaterial@@@std@@PAU?$_Tree_node@U?$pair@$$CBV?$basic_string@DU?$char_traits@D@std@@V?$allocator@D@2@@std@@PAVMaterial@@@std@@PAX@2@@?$_Tree@V?$_Tmap_traits@V?$basic_string@DU?$char_traits@D@std@@V?$allocator@D@2@@std@@PAVMaterial@@U?$less@V?$basic_string@DU?$char_traits@D@std@@V?$allocator@D@2@@std@@@2@V?$allocator@U?$pair@$$CBV?$basic_string@DU?$char_traits@D@std@@V?$allocator@D@2@@std@@PAVMaterial@@@std@@@2@$0A@@std@@@std@@IAE?AV?$_Tree_iterator@V?$_Tree_val@U?$_Tree_simple_types@U?$pair@$$CBV?$basic_string@DU?$char_traits@D@std@@V?$allocator@D@2@@std@@PAVMaterial@@@std@@@std@@@std@@@1@V?$_Tree_const_iterator@V?$_Tree_val@U?$_Tree_simple_types@U?$pair@$$CBV?$basic_string@DU?$char_traits@D@std@@V?$allocator@D@2@@std@@PAVMaterial@@@std@@@std@@@std@@@1@AAU?$pair@$$CBV?$basic_string@DU?$char_traits@D@std@@V?$allocator@D@2@@std@@PAVMaterial@@@1@PAU?$_Tree_node@U?$pair@$$CBV?$basic_string@DU?$char_traits@D@std@@V?$allocator@D@2@@std@@PAVMaterial@@@std@@PAX@1@@Z 00407580 f i read.obj
 0001:000067d0       ??$_Insert_nohint@AAU?$pair@$$CBV?$basic_string@DU?$char_traits@D@std@@V?$allocator@D@2@@std@@PAVMaterial@@@std@@PAU?$_Tree_node@U?$pair@$$CBV?$basic_string@DU?$char_traits@D@std@@V?$allocator@D@2@@std@@PAVMaterial@@@std@@PAX@2@@?$_Tree@V?$_Tmap_traits@V?$basic_string@DU?$char_traits@D@std@@V?$allocator@D@2@@std@@PAVMaterial@@U?$less@V?$basic_string@DU?$char_traits@D@std@@V?$allocator@D@2@@std@@@2@V?$allocator@U?$pair@$$CBV?$basic_string@DU?$char_traits@D@std@@V?$allocator@D@2@@std@@PAVMaterial@@@std@@@2@$0A@@std@@@std@@IAE?AU?$pair@V?$_Tree_iterator@V?$_Tree_val@U?$_Tree_simple_types@U?$pair@$$CBV?$basic_string@DU?$char_traits@D@std@@V?$allocator@D@2@@std@@PAVMaterial@@@std@@@std@@@std@@@std@@_N@1@_NAAU?$pair@$$CBV?$basic_string@DU?$char_traits@D@std@@V?$allocator@D@2@@std@@PAVMaterial@@@1@PAU?$_Tree_node@U?$pair@$$CBV?$basic_string@DU?$char_traits@D@std@@V?$allocator@D@2@@std@@PAVMaterial@@@std@@PAX@1@@Z 004077d0 f i read.obj
 0001:00006980       ??$_Lbound@V?$basic_string@DU?$char_traits@D@std@@V?$allocator@D@2@@std@@@?$_Tree@V?$_Tmap_traits@V?$basic_string@DU?$char_traits@D@std@@V?$allocator@D@2@@std@@PAVMaterial@@U?$less@V?$basic_string@DU?$char_traits@D@std@@V?$allocator@D@2@@std@@@2@V?$allocator@U?$pair@$$CBV?$basic_string@DU?$char_traits@D@std@@V?$allocator@D@2@@std@@PAVMaterial@@@std@@@2@$0A@@std@@@std@@IBEPAU?$_Tree_node@U?$pair@$$CBV?$basic_string@DU?$char_traits@D@std@@V?$allocator@D@2@@std@@PAVMaterial@@@std@@PAX@1@ABV?$basic_string@DU?$char_traits@D@std@@V?$allocator@D@2@@1@@Z 00407980 f i read.obj
 0001:000069e0       ??$endl@DU?$char_traits@D@std@@@std@@YAAAV?$basic_ostream@DU?$char_traits@D@std@@@0@AAV10@@Z 004079e0 f i read.obj
 0001:00006a10       ??$ends@DU?$char_traits@D@std@@@std@@YAAAV?$basic_ostream@DU?$char_traits@D@std@@@0@AAV10@@Z 00407a10 f i read.obj
 0001:00006a30       ??$use_facet@V?$codecvt@DDU_Mbstatet@@@std@@@std@@YAABV?$codecvt@DDU_Mbstatet@@@0@ABVlocale@0@@Z 00407a30 f i read.obj
 0001:00006b30       ??0?$fpos@U_Mbstatet@@@std@@QAE@_J@Z 00407b30 f i read.obj
 0001:00006b60       ??0Scene@@QAE@XZ           00407b60 f i read.obj
 0001:00006d00       ??0TransformNode@@IAE@PAV0@ABVmat4f@@@Z 00407d00 f i read.obj
 0001:00007190       ??0bad_cast@std@@QAE@ABV01@@Z 00408190 f i read.obj
 0001:000071d0       ??0bad_cast@std@@QAE@XZ    004081d0 f i read.obj
 0001:000071f0       ??0exception@std@@QAE@ABV01@@Z 004081f0 f i read.obj
 0001:00007220       ??0mat4f@@QAE@ABVvec4f@@000@Z 00408220 f i read.obj
 0001:000072f0       ??0ostrstream@std@@QAE@XZ  004082f0 f i read.obj
 0001:000073e0       ??0vec4f@@QAE@XZ           004083e0 f i read.obj
 0001:000073f0       ??1?$basic_filebuf@DU?$char_traits@D@std@@@std@@UAE@XZ 004083f0 f i read.obj
 0001:000074b0       ??1?$basic_ifstream@DU?$char_traits@D@std@@@std@@UAE@XZ 004084b0 f i read.obj
 0001:000074e0       ??1?$list@PAVGeometry@@V?$allocator@PAVGeometry@@@std@@@std@@QAE@XZ 004084e0 f i read.obj
 0001:00007530       ??1?$list@PAVLight@@V?$allocator@PAVLight@@@std@@@std@@QAE@XZ 00408530 f i read.obj
 0001:00007580       ??1?$list@PAVTransformNode@@V?$allocator@PAVTransformNode@@@std@@@std@@QAE@XZ 00408580 f i read.obj
 0001:000075d0       ??1?$map@V?$basic_string@DU?$char_traits@D@std@@V?$allocator@D@2@@std@@PAVMaterial@@U?$less@V?$basic_string@DU?$char_traits@D@std@@V?$allocator@D@2@@std@@@2@V?$allocator@U?$pair@$$CBV?$basic_string@DU?$char_traits@D@std@@V?$allocator@D@2@@std@@PAVMaterial@@@std@@@2@@std@@QAE@XZ 004085d0 f i read.obj
 0001:00007640       ??1?$unique_ptr@V_Facet_base@std@@U?$default_delete@V_Facet_base@std@@@2@@std@@QAE@XZ 00408640 f i read.obj
 0001:00007650       ??1MaterialSceneObject@@UAE@XZ 00408650 f i read.obj
 0001:00007680       ??1SceneElement@@UAE@XZ    00408680 f i read.obj
 0001:00007690       ??1TransformNode@@QAE@XZ   00408690 f i read.obj
 0001:000076e0       ??1TransformRoot@@QAE@XZ   004086e0 f i read.obj
 0001:000076f0       ??1bad_cast@std@@UAE@XZ    004086f0 f i read.obj
 0001:00007710       ??1exception@std@@UAE@XZ   00408710 f i read.obj
 0001:00007730       ??1locale@std@@QAE@XZ      00408730 f i read.obj
 0001:00007780       ??1ostrstream@std@@UAE@XZ  00408780 f i read.obj
 0001:00007820       ??1strstreambuf@std@@UAE@XZ 00408820 f i read.obj
 0001:000078a0       ??4?$basic_string@DU?$char_traits@D@std@@V?$allocator@D@2@@std@@QAEAAV01@$$QAV01@@Z 004088a0 f i read.obj
 0001:000078e0       ??6@YAAAV?$basic_ostream@DU?$char_traits@D@std@@@std@@AAV01@ABVException@@@Z 004088e0 f i read.obj
 0001:00007990       ??D@YA?AVmat4f@@ABV0@0@Z   00408990 f i read.obj
 0001:00007e30       ??E?$_Tree_const_iterator@V?$_Tree_val@U?$_Tree_simple_types@U?$pair@$$CBV?$basic_string@DU?$char_traits@D@std@@V?$allocator@D@2@@std@@PAVMaterial@@@std@@@std@@@std@@@std@@QAEAAV01@XZ 00408e30 f i read.obj
 0001:00007e90       ??F?$_Tree_const_iterator@V?$_Tree_val@U?$_Tree_simple_types@U?$pair@$$CBV?$basic_string@DU?$char_traits@D@std@@V?$allocator@D@2@@std@@PAVMaterial@@@std@@@std@@@std@@@std@@QAEAAV01@XZ 00408e90 f i read.obj
 0001:00007f20       ??_D?$basic_ifstream@DU?$char_traits@D@std@@@std@@QAEXXZ 00408f20 f i read.obj
 0001:00007f60       ??_Dostrstream@std@@QAEXXZ 00408f60 f i read.obj
 0001:00008008       ??_E?$basic_ifstream@DU?$char_traits@D@std@@@std@@$4PPPPPPPM@A@AEPAXI@Z 00409008 f i read.obj
 0001:00008010       ??_Eostrstream@std@@$4PPPPPPPM@A@AEPAXI@Z 00409010 f i read.obj
 0001:00008020       ??_E?$basic_filebuf@DU?$char_traits@D@std@@@std@@UAEPAXI@Z 00409020 f i read.obj
 0001:00008020       ??_G?$basic_filebuf@DU?$char_traits@D@std@@@std@@UAEPAXI@Z 00409020 f i read.obj
 0001:00008050       ??_E?$basic_ifstream@DU?$char_traits@D@std@@@std@@UAEPAXI@Z 00409050 f i read.obj
 0001:00008050       ??_G?$basic_ifstream@DU?$char_traits@D@std@@@std@@UAEPAXI@Z 00409050 f i read.obj
 0001:000080b0       ??_GBox@@UAEPAXI@Z         004090b0 f i read.obj
 0001:000080b0       ??_EBox@@UAEPAXI@Z         004090b0 f i read.obj
 0001:000080f0       ??_GCone@@UAEPAXI@Z        004090f0 f i read.obj
 0001:000080f0       ??_ECone@@UAEPAXI@Z        004090f0 f i read.obj
 0001:00008140       ??_GCylinder@@UAEPAXI@Z    00409140 f i read.obj
 0001:00008140       ??_ECylinder@@UAEPAXI@Z    00409140 f i read.obj
 0001:00008180       ??_EDirectionalLight@@UAEPAXI@Z 00409180 f i read.obj
 0001:00008180       ??_GDirectionalLight@@UAEPAXI@Z 00409180 f i read.obj
 0001:000081b0       ??_GGeometry@@UAEPAXI@Z    004091b0 f i read.obj
 0001:000081b0       ??_EGeometry@@UAEPAXI@Z    004091b0 f i read.obj
 0001:000081e0       ??_GLight@@UAEPAXI@Z       004091e0 f i read.obj
 0001:000081e0       ??_ELight@@UAEPAXI@Z       004091e0 f i read.obj
 0001:00008210       ??_GMaterialSceneObject@@UAEPAXI@Z 00409210 f i read.obj
 0001:00008210       ??_EMaterialSceneObject@@UAEPAXI@Z 00409210 f i read.obj
 0001:00008250       ??_EPointLight@@UAEPAXI@Z  00409250 f i read.obj
 0001:00008250       ??_GPointLight@@UAEPAXI@Z  00409250 f i read.obj
 0001:00008280       ??_EScene@@UAEPAXI@Z       00409280 f i read.obj
 0001:00008280       ??_GScene@@UAEPAXI@Z       00409280 f i read.obj
 0001:000082b0       ??_GSceneElement@@UAEPAXI@Z 004092b0 f i read.obj
 0001:000082b0       ??_ESceneElement@@UAEPAXI@Z 004092b0 f i read.obj
 0001:000082e0       ??_GSceneObject@@UAEPAXI@Z 004092e0 f i read.obj
 0001:000082e0       ??_ESceneObject@@UAEPAXI@Z 004092e0 f i read.obj
 0001:00008310       ??_GSphere@@UAEPAXI@Z      00409310 f i read.obj
 0001:00008310       ??_ESphere@@UAEPAXI@Z      00409310 f i read.obj
 0001:00008350       ??_ESquare@@UAEPAXI@Z      00409350 f i read.obj
 0001:00008350       ??_GSquare@@UAEPAXI@Z      00409350 f i read.obj
 0001:00008390       ??_ETrimesh@@UAEPAXI@Z     00409390 f i read.obj
 0001:00008390       ??_GTrimesh@@UAEPAXI@Z     00409390 f i read.obj
 0001:000083c0       ??_Gbad_cast@std@@UAEPAXI@Z 004093c0 f i read.obj
 0001:000083c0       ??_Ebad_cast@std@@UAEPAXI@Z 004093c0 f i read.obj
 0001:000083f0       ??_Eexception@std@@UAEPAXI@Z 004093f0 f i read.obj
 0001:000083f0       ??_Gexception@std@@UAEPAXI@Z 004093f0 f i read.obj
 0001:00008420       ??_Gostrstream@std@@UAEPAXI@Z 00409420 f i read.obj
 0001:00008420       ??_Eostrstream@std@@UAEPAXI@Z 00409420 f i read.obj
 0001:00008450       ??_Estrstreambuf@std@@UAEPAXI@Z 00409450 f i read.obj
 0001:00008450       ??_Gstrstreambuf@std@@UAEPAXI@Z 00409450 f i read.obj
 0001:000084e0       ?ComputeBoundingBox@Geometry@@UAEXXZ 004094e0 f i read.obj
 0001:00008a20       ?ComputeLocalBoundingBox@Box@@UAE?AVBoundingBox@@XZ 00409a20 f i read.obj
 0001:00008a50       ?ComputeLocalBoundingBox@Cone@@UAE?AVBoundingBox@@XZ 00409a50 f i read.obj
 0001:00008ab0       ?ComputeLocalBoundingBox@Cylinder@@UAE?AVBoundingBox@@XZ 00409ab0 f i read.obj
 0001:00008ae0       ?ComputeLocalBoundingBox@Geometry@@UAE?AVBoundingBox@@XZ 00409ae0 f i read.obj
 0001:00008b20       ?ComputeLocalBoundingBox@Sphere@@UAE?AVBoundingBox@@XZ 00409b20 f i read.obj
 0001:00008b50       ?ComputeLocalBoundingBox@Square@@UAE?AVBoundingBox@@XZ 00409b50 f i read.obj
 0001:00008b90       ?_Buyheadnode@?$_Tree_comp_alloc@V?$_Tmap_traits@V?$basic_string@DU?$char_traits@D@std@@V?$allocator@D@2@@std@@PAVMaterial@@U?$less@V?$basic_string@DU?$char_traits@D@std@@V?$allocator@D@2@@std@@@2@V?$allocator@U?$pair@$$CBV?$basic_string@DU?$char_traits@D@std@@V?$allocator@D@2@@std@@PAVMaterial@@@std@@@2@$0A@@std@@@std@@QAEPAU?$_Tree_node@U?$pair@$$CBV?$basic_string@DU?$char_traits@D@std@@V?$allocator@D@2@@std@@PAVMaterial@@@std@@PAX@2@XZ 00409b90 f i read.obj
 0001:00008bb0       ?_Buynode0@?$_List_alloc@U?$_List_base_types@PAVGeometry@@V?$allocator@PAVGeometry@@@std@@@std@@@std@@QAEPAU?$_List_node@PAVGeometry@@PAX@2@PAU32@0@Z 00409bb0 f i read.obj
 0001:00008be0       ?_Buynode0@?$_List_alloc@U?$_List_base_types@PAVLight@@V?$allocator@PAVLight@@@std@@@std@@@std@@QAEPAU?$_List_node@PAVLight@@PAX@2@PAU32@0@Z 00409be0 f i read.obj
 0001:00008c10       ?_Buynode0@?$_List_alloc@U?$_List_base_types@PAVTransformNode@@V?$allocator@PAVTransformNode@@@std@@@std@@@std@@QAEPAU?$_List_node@PAVTransformNode@@PAX@2@PAU32@0@Z 00409c10 f i read.obj
 0001:00008c40       ?_Buynode0@?$_Tree_comp_alloc@V?$_Tmap_traits@V?$basic_string@DU?$char_traits@D@std@@V?$allocator@D@2@@std@@PAVMaterial@@U?$less@V?$basic_string@DU?$char_traits@D@std@@V?$allocator@D@2@@std@@@2@V?$allocator@U?$pair@$$CBV?$basic_string@DU?$char_traits@D@std@@V?$allocator@D@2@@std@@PAVMaterial@@@std@@@2@$0A@@std@@@std@@QAEPAU?$_Tree_node@U?$pair@$$CBV?$basic_string@DU?$char_traits@D@std@@V?$allocator@D@2@@std@@PAVMaterial@@@std@@PAX@2@XZ 00409c40 f i read.obj
 0001:00008c60       ?_Destroy_if_node@?$_Tree@V?$_Tmap_traits@V?$basic_string@DU?$char_traits@D@std@@V?$allocator@D@2@@std@@PAVMaterial@@U?$less@V?$basic_string@DU?$char_traits@D@std@@V?$allocator@D@2@@std@@@2@V?$allocator@U?$pair@$$CBV?$basic_string@DU?$char_traits@D@std@@V?$allocator@D@2@@std@@PAVMaterial@@@std@@@2@$0A@@std@@@std@@IAEXPAU?$_Tree_node@U?$pair@$$CBV?$basic_string@DU?$char_traits@D@std@@V?$allocator@D@2@@std@@PAVMaterial@@@std@@PAX@2@@Z 00409c60 f i read.obj
 0001:00008cc0       ?_Endwrite@?$basic_filebuf@DU?$char_traits@D@std@@@std@@IAE_NXZ 00409cc0 f i read.obj
 0001:00008d80       ?_Erase@?$_Tree@V?$_Tmap_traits@V?$basic_string@DU?$char_traits@D@std@@V?$allocator@D@2@@std@@PAVMaterial@@U?$less@V?$basic_string@DU?$char_traits@D@std@@V?$allocator@D@2@@std@@@2@V?$allocator@U?$pair@$$CBV?$basic_string@DU?$char_traits@D@std@@V?$allocator@D@2@@std@@PAVMaterial@@@std@@@2@$0A@@std@@@std@@IAEXPAU?$_Tree_node@U?$pair@$$CBV?$basic_string@DU?$char_traits@D@std@@V?$allocator@D@2@@std@@PAVMaterial@@@std@@PAX@2@@Z 00409d80 f i read.obj
 0001:00008e10       ?_Free@strstreambuf@std@@ABEXPAD@Z 00409e10 f i read.obj
 0001:00008e40       ?_Freenode0@?$_Tree_comp_alloc@V?$_Tmap_traits@V?$basic_string@DU?$char_traits@D@std@@V?$allocator@D@2@@std@@PAVMaterial@@U?$less@V?$basic_string@DU?$char_traits@D@std@@V?$allocator@D@2@@std@@@2@V?$allocator@U?$pair@$$CBV?$basic_string@DU?$char_traits@D@std@@V?$allocator@D@2@@std@@PAVMaterial@@@std@@@2@$0A@@std@@@std@@QAEXPAU?$_Tree_node@U?$pair@$$CBV?$basic_string@DU?$char_traits@D@std@@V?$allocator@D@2@@std@@PAVMaterial@@@std@@PAX@2@@Z 00409e40 f i read.obj
 0001:00008e60       ?_Init@?$basic_filebuf@DU?$char_traits@D@std@@@std@@IAEXPAU_iobuf@@W4_Initfl@12@@Z 00409e60 f i read.obj
 0001:00008ef0       ?_Lock@?$basic_filebuf@DU?$char_traits@D@std@@@std@@UAEXXZ 00409ef0 f i read.obj
 0001:00008f00       ?_Lrotate@?$_Tree_val@U?$_Tree_simple_types@U?$pair@$$CBV?$basic_string@DU?$char_traits@D@std@@V?$allocator@D@2@@std@@PAVMaterial@@@std@@@std@@@std@@QAEXPAU?$_Tree_node@U?$pair@$$CBV?$basic_string@DU?$char_traits@D@std@@V?$allocator@D@2@@std@@PAVMaterial@@@std@@PAX@2@@Z 00409f00 f i read.obj
 0001:00008f60       ?_Reset_back@?$basic_filebuf@DU?$char_traits@D@std@@@std@@AAEXXZ 00409f60 f i read.obj
 0001:00008f90       ?_Rrotate@?$_Tree_val@U?$_Tree_simple_types@U?$pair@$$CBV?$basic_string@DU?$char_traits@D@std@@V?$allocator@D@2@@std@@PAVMaterial@@@std@@@std@@@std@@QAEXPAU?$_Tree_node@U?$pair@$$CBV?$basic_string@DU?$char_traits@D@std@@V?$allocator@D@2@@std@@PAVMaterial@@@std@@PAX@2@@Z 00409f90 f i read.obj
 0001:00008ff0       ?_Tidy_deallocate@?$basic_string@DU?$char_traits@D@std@@V?$allocator@D@2@@std@@QAEXXZ 00409ff0 f i read.obj
 0001:00009040       ?_Unlock@?$basic_filebuf@DU?$char_traits@D@std@@@std@@UAEXXZ 0040a040 f i read.obj
 0001:00009050       ?add@Scene@@QAEXPAVGeometry@@@Z 0040a050 f i read.obj
 0001:000090b0       ?add@Scene@@QAEXPAVLight@@@Z 0040a0b0 f i read.obj
 0001:00009100       ?createChild@TransformNode@@QAEPAV1@ABVmat4f@@@Z 0040a100 f i read.obj
 0001:000091c0       ?find@?$_Tree@V?$_Tmap_traits@V?$basic_string@DU?$char_traits@D@std@@V?$allocator@D@2@@std@@PAVMaterial@@U?$less@V?$basic_string@DU?$char_traits@D@std@@V?$allocator@D@2@@std@@@2@V?$allocator@U?$pair@$$CBV?$basic_string@DU?$char_traits@D@std@@V?$allocator@D@2@@std@@PAVMaterial@@@std@@@2@$0A@@std@@@std@@QBE?AV?$_Tree_const_iterator@V?$_Tree_val@U?$_Tree_simple_types@U?$pair@$$CBV?$basic_string@DU?$char_traits@D@std@@V?$allocator@D@2@@std@@PAVMaterial@@@std@@@std@@@std@@@2@ABV?$basic_string@DU?$char_traits@D@std@@V?$allocator@D@2@@2@@Z 0040a1c0 f i read.obj
 0001:00009220       ?find@?$_Tree@V?$_Tmap_traits@V?$basic_string@DU?$char_traits@D@std@@V?$allocator@D@2@@std@@PAVObj@@U?$less@V?$basic_string@DU?$char_traits@D@std@@V?$allocator@D@2@@std@@@2@V?$allocator@U?$pair@$$CBV?$basic_string@DU?$char_traits@D@std@@V?$allocator@D@2@@std@@PAVObj@@@std@@@2@$0A@@std@@@std@@QBE?AV?$_Tree_const_iterator@V?$_Tree_val@U?$_Tree_simple_types@U?$pair@$$CBV?$basic_string@DU?$char_traits@D@std@@V?$allocator@D@2@@std@@PAVObj@@@std@@@std@@@std@@@2@ABV?$basic_string@DU?$char_traits@D@std@@V?$allocator@D@2@@2@@Z 0040a220 f i read.obj
 0001:00009720       ?getMaterial@MaterialSceneObject@@UBEABVMaterial@@XZ 0040a720 f i read.obj
 0001:00009730       ?hasBoundingBoxCapability@Box@@UBE_NXZ 0040a730 f i read.obj
 0001:00009740       ?hasBoundingBoxCapability@Cone@@UBE_NXZ 0040a740 f i read.obj
 0001:00009750       ?hasBoundingBoxCapability@Cylinder@@UBE_NXZ 0040a750 f i read.obj
 0001:00009760       ?hasBoundingBoxCapability@Sphere@@UBE_NXZ 0040a760 f i read.obj
 0001:00009770       ?hasBoundingBoxCapability@Square@@UBE_NXZ 0040a770 f i read.obj
 0001:00009780       ?imbue@?$basic_filebuf@DU?$char_traits@D@std@@@std@@MAEXABVlocale@2@@Z 0040a780 f i read.obj
 0001:00009880       ?overflow@?$basic_filebuf@DU?$char_traits@D@std@@@std@@MAEHH@Z 0040a880 f i read.obj
 0001:000099f0       ?overflow@strstreambuf@std@@MAEHH@Z 0040a9f0 f i read.obj
 0001:00009b60       ?pbackfail@?$basic_filebuf@DU?$char_traits@D@std@@@std@@MAEHH@Z 0040ab60 f i read.obj
 0001:00009c10       ?pbackfail@strstreambuf@std@@MAEHH@Z 0040ac10 f i read.obj
 0001:0000d460       ?readScene@@YAPAVScene@@AAV?$basic_istream@DU?$char_traits@D@std@@@std@@@Z 0040e460 f   read.obj
 0001:0000d6e0       ?readScene@@YAPAVScene@@ABV?$basic_string@DU?$char_traits@D@std@@V?$allocator@D@2@@std@@@Z 0040e6e0 f   read.obj
 0001:0000da00       ?seekoff@?$basic_filebuf@DU?$char_traits@D@std@@@std@@MAE?AV?$fpos@U_Mbstatet@@@2@_JHH@Z 0040ea00 f i read.obj
 0001:0000dae0       ?seekoff@strstreambuf@std@@MAE?AV?$fpos@U_Mbstatet@@@2@_JHH@Z 0040eae0 f i read.obj
 0001:0000dca0       ?seekpos@?$basic_filebuf@DU?$char_traits@D@std@@@std@@MAE?AV?$fpos@U_Mbstatet@@@2@V32@H@Z 0040eca0 f i read.obj
 0001:0000dd70       ?seekpos@strstreambuf@std@@MAE?AV?$fpos@U_Mbstatet@@@2@V32@H@Z 0040ed70 f i read.obj
 0001:0000de50       ?setMaterial@MaterialSceneObject@@UAEXPAVMaterial@@@Z 0040ee50 f i read.obj
 0001:0000de60       ?setbuf@?$basic_filebuf@DU?$char_traits@D@std@@@std@@MAEPAV?$basic_streambuf@DU?$char_traits@D@std@@@2@PAD_J@Z 0040ee60 f i read.obj
 0001:0000deb0       ?size@?$vector@PAVObj@@V?$allocator@PAVObj@@@std@@@std@@QBEIXZ 0040eeb0 f i read.obj
 0001:0000dec0       ?str@ostrstream@std@@QAEPADXZ 0040eec0 f i read.obj
 0001:0000df00       ?sync@?$basic_filebuf@DU?$char_traits@D@std@@@std@@MAEHXZ 0040ef00 f i read.obj
 0001:0000dfa0       ?uflow@?$basic_filebuf@DU?$char_traits@D@std@@@std@@MAEHXZ 0040efa0 f i read.obj
 0001:0000e1c0       ?underflow@?$basic_filebuf@DU?$char_traits@D@std@@@std@@MAEHXZ 0040f1c0 f i read.obj
 0001:0000e200       ?underflow@strstreambuf@std@@MAEHXZ 0040f200 f i read.obj
 0001:0000e330       ?what@exception@std@@UBEPBDXZ 0040f330 f i read.obj
 0001:0000e340       ?xsgetn@?$basic_filebuf@DU?$char_traits@D@std@@@std@@MAE_JPAD_J@Z 0040f340 f i read.obj
 0001:0000e430       ?xsputn@?$basic_filebuf@DU?$char_traits@D@std@@@std@@MAE_JPBD_J@Z 0040f430 f i read.obj
 0001:0000e510       ?inverse@mat3f@@QBE?AV1@XZ 0040f510 f   vecmath.obj
 0001:0000e800       ?inverse@mat4f@@QBE?AV1@XZ 0040f800 f   vecmath.obj
 0001:0000ec80       ??0Camera@@QAE@XZ          0040fc80 f   camera.obj
 0001:0000ed00       ?rayThrough@Camera@@QAEXNNAAVray@@@Z 0040fd00 f   camera.obj
 0001:0000ee10       ?setAspectRatio@Camera@@QAEXN@Z 0040fe10 f   camera.obj
 0001:0000efb0       ?setEye@Camera@@QAEXABVvec3f@@@Z 0040ffb0 f   camera.obj
 0001:0000efe0       ?setFOV@Camera@@QAEXN@Z    0040ffe0 f   camera.obj
 0001:0000f1a0       ?setLook@Camera@@QAEXABVvec3f@@0@Z 004101a0 f   camera.obj
 0001:0000f3e0       ?setLook@Camera@@QAEXNNNN@Z 004103e0 f   camera.obj
 0001:0000f690       ?update@Camera@@AAEXXZ     00410690 f   camera.obj
 0001:0000f820       ?distanceAttenuation@DirectionalLight@@UBENABVvec3f@@@Z 00410820 f   light.obj
 0001:0000f830       ?distanceAttenuation@PointLight@@UBENABVvec3f@@@Z 00410830 f   light.obj
 0001:0000f8f0       ?getColor@DirectionalLight@@UBE?AVvec3f@@ABV2@@Z 004108f0 f   light.obj
 0001:0000f910       ?getColor@PointLight@@UBE?AVvec3f@@ABV2@@Z 00410910 f   light.obj
 0001:0000f930       ?getDirection@DirectionalLight@@UBE?AVvec3f@@ABV2@@Z 00410930 f   light.obj
 0001:0000f960       ?getDirection@PointLight@@UBE?AVvec3f@@ABV2@@Z 00410960 f   light.obj
 0001:0000f9f0       ?shadowAttenuation@DirectionalLight@@UBE?AVvec3f@@ABV2@@Z 004109f0 f   light.obj
 0001:0000fbf0       ?shadowAttenuation@PointLight@@UBE?AVvec3f@@ABV2@@Z 00410bf0 f   light.obj
 0001:0000fd40       ?shade@Material@@UBE?AVvec3f@@PAVScene@@ABVray@@ABVisect@@@Z 00410d40 f   material.obj
 0001:00010220       ?getMaterial@isect@@QBEABVMaterial@@XZ 00411220 f   ray.obj
 0001:00010230       ??1Scene@@UAE@XZ           00411230 f   scene.obj
 0001:00010350       ??4BoundingBox@@QAEXABV0@@Z 00411350 f   scene.obj
 0001:000103a0       ?hasBoundingBoxCapability@Geometry@@UBE_NXZ 004113a0 f   scene.obj
 0001:000103b0       ?initScene@Scene@@QAEXXZ   004113b0 f   scene.obj
 0001:00010580       ?intersect@BoundingBox@@QBE_NABVray@@AAN1@Z 00411580 f   scene.obj
 0001:000106a0       ?intersect@Geometry@@UBE_NABVray@@AAVisect@@@Z 004116a0 f   scene.obj
 0001:000109e0       ?intersect@Scene@@QBE_NABVray@@AAVisect@@@Z 004119e0 f   scene.obj
 0001:00010fc0       ?intersectLocal@Geometry@@UBE_NABVray@@AAVisect@@@Z 00411fc0 f   scene.obj
 0001:00010fd0       ?intersects@BoundingBox@@QBE_NABV1@@Z 00411fd0 f   scene.obj
 0001:00011060       ?intersects@BoundingBox@@QBE_NABVvec3f@@@Z 00412060 f   scene.obj
 0001:000110e0       ?intersectLocal@Box@@UBE_NABVray@@AAVisect@@@Z 004120e0 f   Box.obj
 0001:00011240       ??4isect@@QAEAAV0@ABV0@@Z  00412240 f i Cone.obj
 0001:000114b0       ?intersectBody@Cone@@QBE_NABVray@@AAVisect@@@Z 004124b0 f   Cone.obj
 0001:00011850       ?intersectCaps@Cone@@QBE_NABVray@@AAVisect@@@Z 00412850 f   Cone.obj
 0001:000119e0       ?intersectLocal@Cone@@UBE_NABVray@@AAVisect@@@Z 004129e0 f   Cone.obj
 0001:00011c10       ?intersectBody@Cylinder@@QBE_NABVray@@AAVisect@@@Z 00412c10 f   Cylinder.obj
 0001:00011ee0       ?intersectCaps@Cylinder@@QBE_NABVray@@AAVisect@@@Z 00412ee0 f   Cylinder.obj
 0001:00012000       ?intersectLocal@Cylinder@@UBE_NABVray@@AAVisect@@@Z 00413000 f   Cylinder.obj
 0001:00012200       ?intersectLocal@Sphere@@UBE_NABVray@@AAVisect@@@Z 00413200 f   Sphere.obj
 0001:000123e0       ?intersectLocal@Square@@UBE_NABVray@@AAVisect@@@Z 004133e0 f   Square.obj
 0001:000124b0       ??$_Emplace_reallocate@ABQAVMaterial@@@?$vector@PAVMaterial@@V?$allocator@PAVMaterial@@@std@@@std@@QAEPAPAVMaterial@@QAPAV2@ABQAV2@@Z 004134b0 f i trimesh.obj
 0001:00012610       ??$_Emplace_reallocate@ABQAVTrimeshFace@@@?$vector@PAVTrimeshFace@@V?$allocator@PAVTrimeshFace@@@std@@@std@@QAEPAPAVTrimeshFace@@QAPAV2@ABQAV2@@Z 00413610 f i trimesh.obj
 0001:00012770       ??$_Emplace_reallocate@ABVvec3f@@@?$vector@Vvec3f@@V?$allocator@Vvec3f@@@std@@@std@@QAEPAVvec3f@@QAV2@ABV2@@Z 00413770 f i trimesh.obj
 0001:00012900       ??$_Resize@V<lambda_c34ecdecde49bf1d2564cf10b5269ebb>@@@?$vector@Vvec3f@@V?$allocator@Vvec3f@@@std@@@std@@AAEXIV<lambda_c34ecdecde49bf1d2564cf10b5269ebb>@@@Z 00413900 f i trimesh.obj
 0001:00012a50       ??0Material@@QAE@ABV0@@Z   00413a50 f i trimesh.obj
 0001:00012b50       ??1?$vector@Vvec3f@@V?$allocator@Vvec3f@@@std@@@std@@QAE@XZ 00413b50 f i trimesh.obj
 0001:00012bc0       ??1Trimesh@@UAE@XZ         00413bc0 f   trimesh.obj
 0001:00012cc0       ??_ETrimeshFace@@UAEPAXI@Z 00413cc0 f i trimesh.obj
 0001:00012cc0       ??_GTrimeshFace@@UAEPAXI@Z 00413cc0 f i trimesh.obj
 0001:00012d00       ?ComputeLocalBoundingBox@TrimeshFace@@UAE?AVBoundingBox@@XZ 00413d00 f i trimesh.obj
 0001:00012e20       ?_Change_array@?$vector@Vvec3f@@V?$allocator@Vvec3f@@@std@@@std@@AAEXQAVvec3f@@II@Z 00413e20 f i trimesh.obj
 0001:00012ea0       ?_Xlength@?$vector@PAVMaterial@@V?$allocator@PAVMaterial@@@std@@@std@@CAXXZ 00413ea0 f i trimesh.obj
 0001:00012eb0       ?_Xlength@?$vector@PAVTrimeshFace@@V?$allocator@PAVTrimeshFace@@@std@@@std@@CAXXZ 00413eb0 f i trimesh.obj
 0001:00012ec0       ?_Xlength@?$vector@Vvec3f@@V?$allocator@Vvec3f@@@std@@@std@@CAXXZ 00413ec0 f i trimesh.obj
 0001:00012ed0       ?addFace@Trimesh@@QAE_NHHH@Z 00413ed0 f   trimesh.obj
 0001:00013050       ?addMaterial@Trimesh@@QAEXPAVMaterial@@@Z 00414050 f   trimesh.obj
 0001:00013080       ?addNormal@Trimesh@@QAEXABVvec3f@@@Z 00414080 f   trimesh.obj
 0001:000130d0       ?addVertex@Trimesh@@QAEXABVvec3f@@@Z 004140d0 f   trimesh.obj
 0001:00013120       ?allocate@?$allocator@Vvec3f@@@std@@QAEPAVvec3f@@I@Z 00414120 f i trimesh.obj
 0001:00013190       ?doubleCheck@Trimesh@@QAEPADXZ 00414190 f   trimesh.obj
 0001:00013210       ?generateNormals@Trimesh@@QAEXXZ 00414210 f   trimesh.obj
 0001:000134a0       ?hasBoundingBoxCapability@TrimeshFace@@UBE_NXZ 004144a0 f i trimesh.obj
 0001:000134b0       ?intersectLocal@TrimeshFace@@UBE_NABVray@@AAVisect@@@Z 004144b0 f   trimesh.obj
 0001:00013dc0       ?visual@Fl@@SAHH@Z         00414dc0 f   fltk:Fl_visual.obj
 0001:00013e20       ?option@Fl@@SA_NW4Fl_Option@1@@Z 00414e20 f   fltk:Fl.obj
 0001:000140b0       ?option@Fl@@SAXW4Fl_Option@1@_N@Z 004150b0 f   fltk:Fl.obj
 0001:000140f0       ?version@Fl@@SANXZ         004150f0 f   fltk:Fl.obj
 0001:00014100       ?scrollbar_size@Fl@@SAHXZ  00415100 f   fltk:Fl.obj
 0001:00014110       ?scrollbar_size@Fl@@SAXH@Z 00415110 f   fltk:Fl.obj
 0001:00014120       ?wait@Fl@@SAHXZ            00415120 f   fltk:Fl.obj
 0001:00014170       ?wait@Fl@@SANN@Z           00415170 f   fltk:Fl.obj
 0001:000141a0       ?check@Fl@@SAHXZ           004151a0 f   fltk:Fl.obj
 0001:000141e0       ?ready@Fl@@SAHXZ           004151e0 f   fltk:Fl.obj
 0001:000141f0       ?run@Fl@@SAHXZ             004151f0 f   fltk:Fl.obj
 0001:00014220       ?add_timeout@Fl@@SAXNP6AXPAX@Z0@Z 00415220 f   fltk:Fl.obj
 0001:00014250       ?repeat_timeout@Fl@@SAXNP6AXPAX@Z0@Z 00415250 f   fltk:Fl.obj
 0001:00014400       ?has_timeout@Fl@@SAHP6AXPAX@Z0@Z 00415400 f   fltk:Fl.obj
 0001:00014460       ?remove_timeout@Fl@@SAXP6AXPAX@Z0@Z 00415460 f   fltk:Fl.obj
 0001:000144d0       ?add_check@Fl@@SAXP6AXPAX@Z0@Z 004154d0 f   fltk:Fl.obj
 0001:00014550       ?has_check@Fl@@SAHP6AXPAX@Z0@Z 00415550 f   fltk:Fl.obj
 0001:000145a0       ?remove_check@Fl@@SAXP6AXPAX@Z0@Z 004155a0 f   fltk:Fl.obj
 0001:00014620       ?add_fd@Fl@@SAXHHP6AXHPAX@Z0@Z 00415620 f   fltk:Fl.obj
 0001:000148f0       ?add_fd@Fl@@SAXHP6AXHPAX@Z0@Z 004158f0 f   fltk:Fl.obj
 0001:00014910       ?remove_fd@Fl@@SAXHH@Z     00415910 f   fltk:Fl.obj
 0001:00014c10       ?remove_fd@Fl@@SAXH@Z      00415c10 f   fltk:Fl.obj
 0001:00014c30       ?redraw@Fl@@SAXXZ          00415c30 f   fltk:Fl.obj
 0001:00014c60       ?flush@Fl@@SAXXZ           00415c60 f   fltk:Fl.obj
 0001:00014d30       ?first_window@Fl@@SAPAVFl_Window@@XZ 00415d30 f   fltk:Fl.obj
 0001:00014d60       ?first_window@Fl@@SAXPAVFl_Window@@@Z 00415d60 f   fltk:Fl.obj
 0001:00014db0       ?next_window@Fl@@SAPAVFl_Window@@PBV2@@Z 00415db0 f   fltk:Fl.obj
 0001:00014df0       ?get_mouse@Fl@@SAXAAH0@Z   00415df0 f   fltk:Fl.obj
 0001:00014e20       ?event_inside@Fl@@SAHHHHH@Z 00415e20 f   fltk:Fl.obj
 0001:00014e70       ?event_inside@Fl@@SAHPBVFl_Widget@@@Z 00415e70 f   fltk:Fl.obj
 0001:00014ef0       ?enable_im@Fl@@SAXXZ       00415ef0 f   fltk:Fl.obj
 0001:00014f30       ?disable_im@Fl@@SAXXZ      00415f30 f   fltk:Fl.obj
 0001:00014f70       ?handle@Fl@@SAHHPAVFl_Window@@@Z 00415f70 f   fltk:Fl.obj
 0001:00014fb0       ?handle_@Fl@@SAHHPAVFl_Window@@@Z 00415fb0 f   fltk:Fl.obj
 0001:00015690       ?belowmouse@Fl@@SAXPAVFl_Widget@@@Z 00416690 f   fltk:Fl.obj
 0001:00015730       ?pushed@Fl@@SAXPAVFl_Widget@@@Z 00416730 f   fltk:Fl.obj
 0001:00015740       ?focus@Fl@@SAXPAVFl_Widget@@@Z 00416740 f   fltk:Fl.obj
 0001:00015840       ?add_handler@Fl@@SAXP6AHH@Z@Z 00416840 f   fltk:Fl.obj
 0001:00015880       ?remove_handler@Fl@@SAXP6AHH@Z@Z 00416880 f   fltk:Fl.obj
 0001:00015900       ?add_system_handler@Fl@@SAXP6AHPAX0@Z0@Z 00416900 f   fltk:Fl.obj
 0001:00015950       ?remove_system_handler@Fl@@SAXP6AHPAX0@Z@Z 00416950 f   fltk:Fl.obj
 0001:000159d0       ?event_dispatch@Fl@@SAXP6AHHPAVFl_Window@@@Z@Z 004169d0 f   fltk:Fl.obj
 0001:000159e0       ?event_dispatch@Fl@@SAP6AHHPAVFl_Window@@@ZXZ 004169e0 f   fltk:Fl.obj
 0001:000159f0       ?copy@Fl@@SAXPBDHH0@Z      004169f0 f   fltk:Fl.obj
 0001:00015b20       ?copy@Fl@@SAXPBDHH@Z       00416b20 f   fltk:Fl.obj
 0001:00015b40       ?paste@Fl@@SAXAAVFl_Widget@@HPBD@Z 00416b40 f   fltk:Fl.obj
 0001:00016830       ?paste@Fl@@SAXAAVFl_Widget@@H@Z 00417830 f   fltk:Fl.obj
 0001:00016850       ?add_clipboard_notify@Fl@@SAXP6AXHPAX@Z0@Z 00417850 f   fltk:Fl.obj
 0001:000168b0       ?remove_clipboard_notify@Fl@@SAXP6AXHPAX@Z@Z 004178b0 f   fltk:Fl.obj
 0001:00016920       ?clipboard_contains@Fl@@SAHPBD@Z 00417920 f   fltk:Fl.obj
 0001:000169d0       ?selection_owner@Fl@@SAXPAVFl_Widget@@@Z 004179d0 f   fltk:Fl.obj
 0001:000169e0       ?selection@Fl@@SAXAAVFl_Widget@@PBDH@Z 004179e0 f   fltk:Fl.obj
 0001:00016a00       ?paste@Fl@@SAXAAVFl_Widget@@@Z 00417a00 f   fltk:Fl.obj
 0001:00016a20       ?x@Fl@@SAHXZ               00417a20 f   fltk:Fl.obj
 0001:00016a60       ?y@Fl@@SAHXZ               00417a60 f   fltk:Fl.obj
 0001:00016aa0       ?w@Fl@@SAHXZ               00417aa0 f   fltk:Fl.obj
 0001:00016ae0       ?h@Fl@@SAHXZ               00417ae0 f   fltk:Fl.obj
 0001:00016b20       ?thread_message@Fl@@SAPAXXZ 00417b20 f   fltk:Fl.obj
 0001:00016b40       ?delete_widget@Fl@@SAXPAVFl_Widget@@@Z 00417b40 f   fltk:Fl.obj
 0001:00016c40       ?do_widget_deletion@Fl@@SAXXZ 00417c40 f   fltk:Fl.obj
 0001:00016cc0       ?watch_widget_pointer@Fl@@SAXAAPAVFl_Widget@@@Z 00417cc0 f   fltk:Fl.obj
 0001:00016d60       ?release_widget_pointer@Fl@@SAXAAPAVFl_Widget@@@Z 00417d60 f   fltk:Fl.obj
 0001:00016de0       ?clear_widget_pointer@Fl@@SAXPBVFl_Widget@@@Z 00417de0 f   fltk:Fl.obj
 0001:00016e50       ??0Fl_Widget_Tracker@@QAE@PAVFl_Widget@@@Z 00417e50 f   fltk:Fl.obj
 0001:00016e80       ??1Fl_Widget_Tracker@@QAE@XZ 00417e80 f   fltk:Fl.obj
 0001:00016ed0       ?redraw@Fl_Widget@@QAEXXZ  00417ed0 f   fltk:Fl.obj
 0001:00016ef0       ?redraw_label@Fl_Widget@@QAEXXZ 00417ef0 f   fltk:Fl.obj
 0001:000174f0       ?damage@Fl_Widget@@QAEXE@Z 004184f0 f   fltk:Fl.obj
 0001:000175b0       ?damage@Fl_Widget@@QAEXEHHHH@Z 004185b0 f   fltk:Fl.obj
 0001:000177a0       ?size_range_@Fl_Window@@AAEXXZ 004187a0 f   fltk:Fl.obj
 0001:000177c0       ?fullscreen_x@Fl_Window@@AAEXXZ 004187c0 f   fltk:Fl.obj
 0001:00017830       ?fullscreen_off_x@Fl_Window@@AAEXHHHH@Z 00418830 f   fltk:Fl.obj
 0001:00017a10       ?flush@Fl_Window@@MAEXXZ   00418a10 f   fltk:Fl.obj
 0001:00017a80       ?handle@Fl_Window@@UAEHH@Z 00418a80 f   fltk:Fl.obj
 0001:00017bf0       ?resize@Fl_Window@@UAEXHHHH@Z 00418bf0 f   fltk:Fl.obj
 0001:00017ed0       ?label@Fl_Window@@QAEXPBD0@Z 00418ed0 f   fltk:Fl.obj
 0001:00017fc0       ?default_icons@Fl_Window@@SAXPAUHICON__@@0@Z 00418fc0 f   fltk:Fl.obj
 0001:00017fe0       ?icons@Fl_Window@@QAEXPAUHICON__@@0@Z 00418fe0 f   fltk:Fl.obj
 0001:00018040       ?show@Fl_Window@@UAEXXZ    00419040 f   fltk:Fl.obj
 0001:00018100       ?hide@Fl_Window@@UAEXXZ    00419100 f   fltk:Fl.obj
 0001:00018560       ?make_current@Fl_Window@@QAEXXZ 00419560 f   fltk:Fl.obj
 0001:000185c0       ?decorated_w@Fl_Window@@QAEHXZ 004195c0 f   fltk:Fl.obj
 0001:00018690       ?decorated_h@Fl_Window@@QAEHXZ 00419690 f   fltk:Fl.obj
 0001:00018760       ?XRectangleRegion@@YAPAUHRGN__@@HHHH@Z 00419760 f   fltk:Fl.obj
 0001:00018810       ?fake_X_wm@Fl_X@@SAHPBVFl_Window@@AAH1111@Z 00419810 f   fltk:Fl.obj
 0001:00018f40       ?make_fullscreen@Fl_X@@QAEXHHHH@Z 00419f40 f   fltk:Fl.obj
 0001:000190a0       ?set_minmax@Fl_X@@QAEXPAUtagMINMAXINFO@@@Z 0041a0a0 f   fltk:Fl.obj
 0001:00019190       ?set_default_icons@Fl_X@@SAXQAPBVFl_RGB_Image@@H@Z 0041a190 f   fltk:Fl.obj
 0001:00019250       ?set_default_icons@Fl_X@@SAXPAUHICON__@@0@Z 0041a250 f   fltk:Fl.obj
 0001:000192c0       ?set_icons@Fl_X@@QAEXXZ    0041a2c0 f   fltk:Fl.obj
 0001:00019460       ?set_cursor@Fl_X@@QAEHW4Fl_Cursor@@@Z 0041a460 f   fltk:Fl.obj
 0001:000195f0       ?set_cursor@Fl_X@@QAEHPBVFl_RGB_Image@@HH@Z 0041a5f0 f   fltk:Fl.obj
 0001:00019670       ?make@Fl_X@@SAPAV1@PAVFl_Window@@@Z 0041a670 f   fltk:Fl.obj
 0001:0001a310       ?fl_release_dc@@YAXPAUHWND__@@PAUHDC__@@@Z 0041b310 f   fltk:Fl.obj
 0001:0001a3b0       ?fl_save_dc@@YAXPAUHWND__@@PAUHDC__@@@Z 0041b3b0 f   fltk:Fl.obj
 0001:0001a420       ?fl_open_display@@YAXXZ    0041b420 f   fltk:Fl.obj
 0001:0001a450       ?fl_find@@YAPAVFl_Window@@PAUHWND__@@@Z 0041b450 f   fltk:Fl.obj
 0001:0001a4d0       ?fl_GetDC@@YAPAUHDC__@@PAUHWND__@@@Z 0041b4d0 f   fltk:Fl.obj
 0001:0001a570       ?fl_free_fonts@@YAXXZ      0041b570 f   fltk:Fl.obj
 0001:0001a630       ?fl_cleanup_dc_list@@YAXXZ 0041b630 f   fltk:Fl.obj
 0001:0001a700       ?fl_clipboard_notify_change@@YAXXZ 0041b700 f   fltk:Fl.obj
 0001:0001a780       ?fl_clipboard_notify_empty@@YA_NXZ 0041b780 f   fltk:Fl.obj
 0001:0001a7b0       ?fl_trigger_clipboard_notify@@YAXH@Z 0041b7b0 f   fltk:Fl.obj
 0001:0001a7f0       ?fl_ready@@YAHXZ           0041b7f0 f   fltk:Fl.obj
 0001:0001a8d0       ?fl_wait@@YAHN@Z           0041b8d0 f   fltk:Fl.obj
 0001:0001ace0       ?fl_send_system_handlers@@YAHPAX@Z 0041bce0 f   fltk:Fl.obj
 0001:0001ad40       ?fl_fix_focus@@YAXXZ       0041bd40 f   fltk:Fl.obj
 0001:0001af20       ?fl_throw_focus@@YAXPAVFl_Widget@@@Z 0041bf20 f   fltk:Fl.obj
 0001:0001b0f0       ?fl_clipboard_notify_retarget@@YAXPAUHWND__@@@Z 0041c0f0 f   fltk:Fl.obj
 0001:0001b150       ?fl_update_clipboard@@YAXXZ 0041c150 f   fltk:Fl.obj
 0001:0001b260       ?fl_set_status@@YAXHHHH@Z  0041c260 f   fltk:Fl.obj
 0001:0001b270       ?fl_set_spot@@YAXHHHHHHPAVFl_Window@@@Z 0041c270 f   fltk:Fl.obj
 0001:0001b3d0       ?fl_reset_spot@@YAXXZ      0041c3d0 f   fltk:Fl.obj
 0001:0001b3e0       ?print_window@Fl_Paged_Device@@QAEXPAVFl_Window@@HH@Z 0041c3e0 f   fltk:Fl.obj
 0001:0001ba10       ?fl_get_lcid_codepage@@YAIK@Z 0041ca10 f   fltk:Fl.obj
 0001:0001ba70       ?fl_get_codepage@@YAXXZ    0041ca70 f   fltk:Fl.obj
 0001:0001d030       ?fl_filename_name@@YAPBDPBD@Z 0041e030 f   fltk:Fl.obj
 0001:0001d630       ?fl_xid_@@YAPAUHWND__@@PBVFl_Window@@@Z 0041e630 f   fltk:Fl.obj
 0001:0001d660       ??0Lf2CrlfConvert@@QAE@PBDH@Z 0041e660 f i fltk:Fl.obj
 0001:0001d820       ??1Fl_Win32_At_Exit@@QAE@XZ 0041e820 f i fltk:Fl.obj
 0001:0001d890       ??1Lf2CrlfConvert@@QAE@XZ  0041e890 f i fltk:Fl.obj
 0001:0001d8c0       ??1NameList@@QAE@XZ        0041e8c0 f i fltk:Fl.obj
 0001:0001d920       ??_EFl_Device@@UAEPAXI@Z   0041e920 f i fltk:Fl.obj
 0001:0001d920       ??_GFl_Device@@UAEPAXI@Z   0041e920 f i fltk:Fl.obj
 0001:0001d950       ??_GFl_GDI_Graphics_Driver@@UAEPAXI@Z 0041e950 f i fltk:Fl.obj
 0001:0001d950       ??_EFl_GDI_Graphics_Driver@@UAEPAXI@Z 0041e950 f i fltk:Fl.obj
 0001:0001d9b0       ??_EFl_Graphics_Driver@@UAEPAXI@Z 0041e9b0 f i fltk:Fl.obj
 0001:0001d9b0       ??_GFl_Graphics_Driver@@UAEPAXI@Z 0041e9b0 f i fltk:Fl.obj
 0001:0001da10       ??_GFl_Image@@UAEPAXI@Z    0041ea10 f i fltk:Fl.obj
 0001:0001da10       ??_EFl_Image@@UAEPAXI@Z    0041ea10 f i fltk:Fl.obj
 0001:0001da40       ??_EFl_RGB_Image@@UAEPAXI@Z 0041ea40 f i fltk:Fl.obj
 0001:0001da40       ??_GFl_RGB_Image@@UAEPAXI@Z 0041ea40 f i fltk:Fl.obj
 0001:0001da70       ??_GFl_Surface_Device@@UAEPAXI@Z 0041ea70 f i fltk:Fl.obj
 0001:0001da70       ??_EFl_Surface_Device@@UAEPAXI@Z 0041ea70 f i fltk:Fl.obj
 0001:0001dab0       ?add_name@NameList@@QAEXPBD@Z 0041eab0 f i fltk:Fl.obj
 0001:0001db30       ?class_name@Fl_Device@@UAEPBDXZ 0041eb30 f i fltk:Fl.obj
 0001:0001db40       ?class_name@Fl_GDI_Graphics_Driver@@UAEPBDXZ 0041eb40 f i fltk:Fl.obj
 0001:0001db50       ?class_name@Fl_Graphics_Driver@@UAEPBDXZ 0041eb50 f i fltk:Fl.obj
 0001:0001db60       ?class_name@Fl_Surface_Device@@UAEPBDXZ 0041eb60 f i fltk:Fl.obj
 0001:0001db70       ?color@Fl_Graphics_Driver@@MAEXEEE@Z 0041eb70 f i fltk:Fl.obj
 0001:0001db80       ?color@Fl_Graphics_Driver@@MAEXI@Z 0041eb80 f i fltk:Fl.obj
 0001:0001dba0       ?descent@Fl_Graphics_Driver@@UAEHXZ 0041eba0 f i fltk:Fl.obj
 0001:0001dbb0       ?draw@Fl_Graphics_Driver@@MAEXHPBDHHH@Z 0041ebb0 f i fltk:Fl.obj
 0001:0001dbc0       ?draw@Fl_Graphics_Driver@@MAEXPAVFl_Bitmap@@HHHHHH@Z 0041ebc0 f i fltk:Fl.obj
 0001:0001dbd0       ?draw@Fl_Graphics_Driver@@MAEXPAVFl_Pixmap@@HHHHHH@Z 0041ebd0 f i fltk:Fl.obj
 0001:0001dbe0       ?draw@Fl_Graphics_Driver@@MAEXPAVFl_RGB_Image@@HHHHHH@Z 0041ebe0 f i fltk:Fl.obj
 0001:0001dbf0       ?draw@Fl_Graphics_Driver@@MAEXPBDHHH@Z 0041ebf0 f i fltk:Fl.obj
 0001:0001dc00       ?draw_image@Fl_Graphics_Driver@@MAEXP6AXPAXHHHPAE@Z0HHHHH@Z 0041ec00 f i fltk:Fl.obj
 0001:0001dc10       ?draw_image@Fl_Graphics_Driver@@MAEXPBEHHHHHH@Z 0041ec10 f i fltk:Fl.obj
 0001:0001dc20       ?draw_image_mono@Fl_Graphics_Driver@@MAEXP6AXPAXHHHPAE@Z0HHHHH@Z 0041ec20 f i fltk:Fl.obj
 0001:0001dc30       ?draw_image_mono@Fl_Graphics_Driver@@MAEXPBEHHHHHH@Z 0041ec30 f i fltk:Fl.obj
 0001:0001dc40       ?font@Fl_Graphics_Driver@@UAEXHH@Z 0041ec40 f i fltk:Fl.obj
 0001:0001dc60       ?height@Fl_Graphics_Driver@@UAEHXZ 0041ec60 f i fltk:Fl.obj
 0001:0001dc80       ?rtl_draw@Fl_Graphics_Driver@@MAEXPBDHHH@Z 0041ec80 f i fltk:Fl.obj
 0001:0001dc90       ?width@Fl_Graphics_Driver@@UAENI@Z 0041ec90 f i fltk:Fl.obj
 0001:0001dcc0       ?width@Fl_Graphics_Driver@@UAENPBDH@Z 0041ecc0 f i fltk:Fl.obj
 0001:0001dcd0       ?fl_beep@@YAXH@Z           0041ecd0 f   fltk:fl_ask.obj
 0001:0001dd40       ?fl_message@@YAXPBDZZ      0041ed40 f   fltk:fl_ask.obj
 0001:0001dda0       ?fl_alert@@YAXPBDZZ        0041eda0 f   fltk:fl_ask.obj
 0001:0001de00       ?fl_ask@@YAHPBDZZ          0041ee00 f   fltk:fl_ask.obj
 0001:0001de50       ?fl_choice@@YAHPBD000ZZ    0041ee50 f   fltk:fl_ask.obj
 0001:0001dea0       ?fl_input@@YAPBDPBD0ZZ     0041eea0 f   fltk:fl_ask.obj
 0001:0001def0       ?fl_password@@YAPBDPBD0ZZ  0041eef0 f   fltk:fl_ask.obj
 0001:0001df40       ?fl_message_icon@@YAPAVFl_Widget@@XZ 0041ef40 f   fltk:fl_ask.obj
 0001:0001df50       ?fl_message_hotspot@@YAXH@Z 0041ef50 f   fltk:fl_ask.obj
 0001:0001df80       ?fl_message_hotspot@@YAHXZ 0041ef80 f   fltk:fl_ask.obj
 0001:0001df90       ?fl_message_title@@YAXPBD@Z 0041ef90 f   fltk:fl_ask.obj
 0001:0001dfb0       ?fl_message_title_default@@YAXPBD@Z 0041efb0 f   fltk:fl_ask.obj
 0001:0001ee30       ??$__vcrt_va_start_verify_argument_type@PBD@@YAXXZ 0041fe30 f i fltk:fl_ask.obj
 0001:0001ee40       ?default_atclose@Fl@@SAXPAVFl_Window@@PAX@Z 0041fe40 f   fltk:Fl_Window.obj
 0001:0001ee70       ?window@Fl_Widget@@QBEPAVFl_Window@@XZ 0041fe70 f   fltk:Fl_Window.obj
 0001:0001eec0       ?top_window@Fl_Widget@@QBEPAVFl_Window@@XZ 0041fec0 f   fltk:Fl_Window.obj
 0001:0001ef00       ?top_window_offset@Fl_Widget@@QBEPAVFl_Window@@AAH0@Z 0041ff00 f   fltk:Fl_Window.obj
 0001:0001ef80       ?_Fl_Window@Fl_Window@@AAEXXZ 0041ff80 f   fltk:Fl_Window.obj
 0001:0001f070       ?free_icons@Fl_Window@@IAEXXZ 00420070 f   fltk:Fl_Window.obj
 0001:0001f180       ??0Fl_Window@@QAE@HHPBD@Z  00420180 f   fltk:Fl_Window.obj
 0001:0001f220       ??0Fl_Window@@QAE@HHHHPBD@Z 00420220 f   fltk:Fl_Window.obj
 0001:0001f2c0       ??1Fl_Window@@UAE@XZ       004202c0 f   fltk:Fl_Window.obj
 0001:0001f3b0       ?label@Fl_Window@@QAEXPBD@Z 004203b0 f   fltk:Fl_Window.obj
 0001:0001f3e0       ?iconlabel@Fl_Window@@QAEXPBD@Z 004203e0 f   fltk:Fl_Window.obj
 0001:0001f410       ?copy_label@Fl_Window@@QAEXPBD@Z 00420410 f   fltk:Fl_Window.obj
 0001:0001f450       ?default_xclass@Fl_Window@@SAXPBD@Z 00420450 f   fltk:Fl_Window.obj
 0001:0001f490       ?default_xclass@Fl_Window@@SAPBDXZ 00420490 f   fltk:Fl_Window.obj
 0001:0001f4b0       ?xclass@Fl_Window@@QBEPBDXZ 004204b0 f   fltk:Fl_Window.obj
 0001:0001f4e0       ?xclass@Fl_Window@@QAEXPBD@Z 004204e0 f   fltk:Fl_Window.obj
 0001:0001f540       ?default_icon@Fl_Window@@SAXPBVFl_RGB_Image@@@Z 00420540 f   fltk:Fl_Window.obj
 0001:0001f560       ?default_icons@Fl_Window@@SAXQAPBVFl_RGB_Image@@H@Z 00420560 f   fltk:Fl_Window.obj
 0001:0001f580       ?icon@Fl_Window@@QAEXPBVFl_RGB_Image@@@Z 00420580 f   fltk:Fl_Window.obj
 0001:0001f5a0       ?icons@Fl_Window@@QAEXQAPBVFl_RGB_Image@@H@Z 004205a0 f   fltk:Fl_Window.obj
 0001:0001f670       ?icon@Fl_Window@@QBEPBXXZ  00420670 f   fltk:Fl_Window.obj
 0001:0001f690       ?icon@Fl_Window@@QAEXPBX@Z 00420690 f   fltk:Fl_Window.obj
 0001:0001f6b0       ?wait_for_expose@Fl_Window@@QAEXXZ 004206b0 f   fltk:Fl_Window.obj
 0001:0001f700       ?x_root@Fl_Window@@QBEHXZ  00420700 f   fltk:Fl_Window.obj
 0001:0001f740       ?y_root@Fl_Window@@QBEHXZ  00420740 f   fltk:Fl_Window.obj
 0001:0001f780       ?current@Fl_Window@@SAPAV1@XZ 00420780 f   fltk:Fl_Window.obj
 0001:0001f790       ?default_callback@Fl_Window@@SAXPAV1@PAX@Z 00420790 f   fltk:Fl_Window.obj
 0001:0001f7b0       ??_EFl_Window@@UAEPAXI@Z   004207b0 f i fltk:Fl_Window.obj
 0001:0001f7b0       ??_GFl_Window@@UAEPAXI@Z   004207b0 f i fltk:Fl_Window.obj
 0001:0001f7f0       ?as_gl_window@Fl_Widget@@UAEPAVFl_Gl_Window@@XZ 004207f0 f i fltk:Fl_Window.obj
 0001:0001f800       ?navigation@Fl_Group@@AAEHH@Z 00420800 f   fltk:Fl_Group.obj
 0001:0001f9c0       ?draw@Fl_Group@@MAEXXZ     004209c0 f   fltk:Fl_Group.obj
 0001:0001fa00       ?draw_child@Fl_Group@@IBEXAAVFl_Widget@@@Z 00420a00 f   fltk:Fl_Group.obj
 0001:0001fab0       ?draw_children@Fl_Group@@IAEXXZ 00420ab0 f   fltk:Fl_Group.obj
 0001:0001fc90       ?draw_outside_label@Fl_Group@@IBEXABVFl_Widget@@@Z 00420c90 f   fltk:Fl_Group.obj
 0001:0001ff20       ?update_child@Fl_Group@@IBEXAAVFl_Widget@@@Z 00420f20 f   fltk:Fl_Group.obj
 0001:0001ffe0       ?sizes@Fl_Group@@IAEPAHXZ  00420fe0 f   fltk:Fl_Group.obj
 0001:00020320       ?handle@Fl_Group@@UAEHH@Z  00421320 f   fltk:Fl_Group.obj
 0001:00020ce0       ?begin@Fl_Group@@QAEXXZ    00421ce0 f   fltk:Fl_Group.obj
 0001:00020d00       ?end@Fl_Group@@QAEXXZ      00421d00 f   fltk:Fl_Group.obj
 0001:00020d20       ?current@Fl_Group@@SAPAV1@XZ 00421d20 f   fltk:Fl_Group.obj
 0001:00020d30       ?current@Fl_Group@@SAXPAV1@@Z 00421d30 f   fltk:Fl_Group.obj
 0001:00020d40       ?find@Fl_Group@@QBEHPBVFl_Widget@@@Z 00421d40 f   fltk:Fl_Group.obj
 0001:00020da0       ?array@Fl_Group@@QBEPBQAVFl_Widget@@XZ 00421da0 f   fltk:Fl_Group.obj
 0001:00020dd0       ?resize@Fl_Group@@UAEXHHHH@Z 00421dd0 f   fltk:Fl_Group.obj
 0001:000211e0       ??0Fl_Group@@QAE@HHHHPBD@Z 004221e0 f   fltk:Fl_Group.obj
 0001:00021290       ??1Fl_Group@@UAE@XZ        00422290 f   fltk:Fl_Group.obj
 0001:000212e0       ?add@Fl_Group@@QAEXAAVFl_Widget@@@Z 004222e0 f   fltk:Fl_Group.obj
 0001:00021300       ?insert@Fl_Group@@QAEXAAVFl_Widget@@H@Z 00422300 f   fltk:Fl_Group.obj
 0001:000214a0       ?remove@Fl_Group@@QAEXH@Z  004224a0 f   fltk:Fl_Group.obj
 0001:000215a0       ?remove@Fl_Group@@QAEXAAVFl_Widget@@@Z 004225a0 f   fltk:Fl_Group.obj
 0001:000215e0       ?clear@Fl_Group@@QAEXXZ    004225e0 f   fltk:Fl_Group.obj
 0001:00021770       ?init_sizes@Fl_Group@@QAEXXZ 00422770 f   fltk:Fl_Group.obj
 0001:000217a0       ??0Fl_Input_Choice@@QAE@HHHHPBD@Z 004227a0 f   fltk:Fl_Group.obj
 0001:00021a50       ??0Fl_Spinner@@QAE@HHHHPBD@Z 00422a50 f   fltk:Fl_Group.obj
 0001:00021e80       ??$__vcrt_va_start_verify_argument_type@QBD@@YAXXZ 00422e80 f i fltk:Fl_Group.obj
 0001:00021e90       ??1Fl_Input@@UAE@XZ        00422e90 f i fltk:Fl_Group.obj
 0001:00021eb0       ??1Fl_Repeat_Button@@UAE@XZ 00422eb0 f i fltk:Fl_Group.obj
 0001:00021ed0       ??1Fl_Spinner@@UAE@XZ      00422ed0 f i fltk:Fl_Group.obj
 0001:00021f10       ??_GFl_Group@@UAEPAXI@Z    00422f10 f i fltk:Fl_Group.obj
 0001:00021f10       ??_EFl_Group@@UAEPAXI@Z    00422f10 f i fltk:Fl_Group.obj
 0001:00021f40       ??_GFl_Input_Choice@@UAEPAXI@Z 00422f40 f i fltk:Fl_Group.obj
 0001:00021f40       ??_EFl_Input_Choice@@UAEPAXI@Z 00422f40 f i fltk:Fl_Group.obj
 0001:00021f70       ??_GFl_Spinner@@UAEPAXI@Z  00422f70 f i fltk:Fl_Group.obj
 0001:00021f70       ??_EFl_Spinner@@UAEPAXI@Z  00422f70 f i fltk:Fl_Group.obj
 0001:00021fb0       ??_EInputMenuButton@Fl_Input_Choice@@UAEPAXI@Z 00422fb0 f i fltk:Fl_Group.obj
 0001:00021fb0       ??_GInputMenuButton@Fl_Input_Choice@@UAEPAXI@Z 00422fb0 f i fltk:Fl_Group.obj
 0001:00021fe0       ?as_group@Fl_Widget@@UAEPAVFl_Group@@XZ 00422fe0 f i fltk:Fl_Group.obj
 0001:00021ff0       ?as_window@Fl_Widget@@UAEPAVFl_Window@@XZ 00422ff0 f i fltk:Fl_Group.obj
 0001:00022000       ?draw@InputMenuButton@Fl_Input_Choice@@EAEXXZ 00423000 f i fltk:Fl_Group.obj
 0001:00022100       ?draw_focus@Fl_Widget@@IAEXXZ 00423100 f i fltk:Fl_Group.obj
 0001:00022160       ?handle@Fl_Spinner@@UAEHH@Z 00423160 f i fltk:Fl_Group.obj
 0001:00022230       ?inp_cb@Fl_Input_Choice@@CAXPAVFl_Widget@@PAX@Z 00423230 f i fltk:Fl_Group.obj
 0001:00022350       ?menu_cb@Fl_Input_Choice@@CAXPAVFl_Widget@@PAX@Z 00423350 f i fltk:Fl_Group.obj
 0001:00022550       ?menu_x@Fl_Input_Choice@@AAEHXZ 00423550 f i fltk:Fl_Group.obj
 0001:000225a0       ?resize@Fl_Input_Choice@@UAEXHHHH@Z 004235a0 f i fltk:Fl_Group.obj
 0001:00022700       ?resize@Fl_Spinner@@UAEXHHHH@Z 00423700 f i fltk:Fl_Group.obj
 0001:000227f0       ?sb_cb@Fl_Spinner@@CAXPAVFl_Widget@@PAV1@@Z 004237f0 f i fltk:Fl_Group.obj
 0001:00022970       ?update@Fl_Spinner@@AAEXXZ 00423970 f i fltk:Fl_Group.obj
 0001:00022b50       ?setonly@Fl_Menu_Item@@QAEXXZ 00423b50 f   fltk:Fl_Menu_.obj
 0001:00022c00       ??0Fl_Menu_@@QAE@HHHHPBD@Z 00423c00 f   fltk:Fl_Menu_.obj
 0001:00022cb0       ??1Fl_Menu_@@UAE@XZ        00423cb0 f   fltk:Fl_Menu_.obj
 0001:00022d00       ?item_pathname@Fl_Menu_@@QBEHPADHPBUFl_Menu_Item@@@Z 00423d00 f   fltk:Fl_Menu_.obj
 0001:00022f50       ?picked@Fl_Menu_@@QAEPBUFl_Menu_Item@@PBU2@@Z 00423f50 f   fltk:Fl_Menu_.obj
 0001:00023070       ?find_item@Fl_Menu_@@QAEPBUFl_Menu_Item@@PBD@Z 00424070 f   fltk:Fl_Menu_.obj
 0001:000230b0       ?find_item@Fl_Menu_@@QAEPBUFl_Menu_Item@@P6AXPAVFl_Widget@@PAX@Z@Z 004240b0 f   fltk:Fl_Menu_.obj
 0001:00023100       ?find_index@Fl_Menu_@@QBEHPBD@Z 00424100 f   fltk:Fl_Menu_.obj
 0001:00023330       ?find_index@Fl_Menu_@@QBEHPBUFl_Menu_Item@@@Z 00424330 f   fltk:Fl_Menu_.obj
 0001:00023380       ?find_index@Fl_Menu_@@QBEHP6AXPAVFl_Widget@@PAX@Z@Z 00424380 f   fltk:Fl_Menu_.obj
 0001:000233d0       ?menu@Fl_Menu_@@QAEXPBUFl_Menu_Item@@@Z 004243d0 f   fltk:Fl_Menu_.obj
 0001:00023400       ?copy@Fl_Menu_@@QAEXPBUFl_Menu_Item@@PAX@Z 00424400 f   fltk:Fl_Menu_.obj
 0001:000234a0       ?size@Fl_Menu_@@QBEHXZ     004244a0 f   fltk:Fl_Menu_.obj
 0001:000234d0       ?clear@Fl_Menu_@@QAEXXZ    004244d0 f   fltk:Fl_Menu_.obj
 0001:00023590       ?clear_submenu@Fl_Menu_@@QAEHH@Z 00424590 f   fltk:Fl_Menu_.obj
 0001:00023610       ?value@Fl_Menu_@@QAEHPBUFl_Menu_Item@@@Z 00424610 f   fltk:Fl_Menu_.obj
 0001:00023650       ??_EFl_Menu_@@UAEPAXI@Z    00424650 f i fltk:Fl_Menu_.obj
 0001:00023650       ??_GFl_Menu_@@UAEPAXI@Z    00424650 f i fltk:Fl_Menu_.obj
 0001:00023680       ?draw@Fl_Menu_Bar@@MAEXXZ  00424680 f   fltk:Fl_Menu_Bar.obj
 0001:00023830       ?handle@Fl_Menu_Bar@@UAEHH@Z 00424830 f   fltk:Fl_Menu_Bar.obj
 0001:000239a0       ??0Fl_Menu_Bar@@QAE@HHHHPBD@Z 004249a0 f   fltk:Fl_Menu_Bar.obj
 0001:000239e0       ??_GFl_Menu_Bar@@UAEPAXI@Z 004249e0 f i fltk:Fl_Menu_Bar.obj
 0001:000239e0       ??_EFl_Menu_Bar@@UAEPAXI@Z 004249e0 f i fltk:Fl_Menu_Bar.obj
 0001:00023a10       ??0Fl_Valuator@@IAE@HHHHPBD@Z 00424a10 f   fltk:Fl_Valuator.obj
 0001:00023ac0       ?softclamp@Fl_Valuator@@IAENN@Z 00424ac0 f   fltk:Fl_Valuator.obj
 0001:00023be0       ?handle_drag@Fl_Valuator@@IAEXN@Z 00424be0 f   fltk:Fl_Valuator.obj
 0001:00023c50       ?handle_release@Fl_Valuator@@IAEXXZ 00424c50 f   fltk:Fl_Valuator.obj
 0001:00023cb0       ?value_damage@Fl_Valuator@@MAEXXZ 00424cb0 f   fltk:Fl_Valuator.obj
 0001:00023cd0       ?step@Fl_Valuator@@QAEXN@Z 00424cd0 f   fltk:Fl_Valuator.obj
 0001:00023dc0       ?precision@Fl_Valuator@@QAEXH@Z 00424dc0 f   fltk:Fl_Valuator.obj
 0001:00023e20       ?value@Fl_Valuator@@QAEHN@Z 00424e20 f   fltk:Fl_Valuator.obj
[...]
 0003:00001108       ?table@@3PAUKeyname@@A     00488108     fltk:fl_shortcut.obj
 0003:00001200       ?standard_fp_chars@@3PBDB  00488200     fltk:Fl_Input.obj
 0003:00001204       ?drag_start@?1??handle@Fl_Input@@UAEHH@Z@4HA 00488204     fltk:Fl_Input.obj
 0003:00001208       ?l_local_buff@?1??expand_text_@@YAPBDPBDAAPADHNAAHAANHH@Z@4HA 00488208     fltk:fl_draw.obj
 0003:00001210       ?draw_it_active@@3HA       00488210     fltk:fl_boxtype.obj
 0003:00001218       ?fl_box_table@@3PAU<unnamed-type-fl_box_table>@@A 00488218     fltk:fl_boxtype.obj
 0003:00001e54       ?symbnumb@@3HA             00488e54     fltk:fl_symbols.obj
 0003:00001e58       ?cursors@@3PAW4Fl_Cursor@@A 00488e58     fltk:Fl_Tile.obj
 0003:00001e68       $SG37744                   00488e68     fltk:scandir.obj
 0003:00001e6c       $SG37747                   00488e6c     fltk:scandir.obj
 0003:00001e70       $SG37752                   00488e70     fltk:scandir.obj
 0003:00001e74       $SG37756                   00488e74     fltk:scandir.obj
 0003:00002d48       ?done@@3_NA                00489d48     TraceUI.obj
 0003:00002d90       ?clip_notify_list@@3PAUClipboard_Notify@@A 00489d90     fltk:Fl.obj
 0003:00002d9c       ?clipboard_wnd@@3PAUHWND__@@A 00489d9c     fltk:Fl.obj
 0003:00002da0       ?next_clipboard_wnd@@3PAUHWND__@@A 00489da0     fltk:Fl.obj
 0003:00002da4       ?handlers@@3PAUhandler_link@@A 00489da4     fltk:Fl.obj
 0003:00002da8       ?s_wsock_mod@@3PAUHINSTANCE__@@A 00489da8     fltk:Fl.obj
 0003:00002dac       ?s_wsock_select@@3P6GHHPAUfd_set@@00PBUtimeval@@@ZA 00489dac     fltk:Fl.obj
 0003:00002db0       ?fl_wsk_fd_is_set@@3P6GHIPAUfd_set@@@ZA 00489db0     fltk:Fl.obj
 0003:00002ddc       ?s_imm_module@@3PAUHINSTANCE__@@A 00489ddc     fltk:Fl.obj
 0003:00002de0       ?flImmAssociateContextEx@@3P6GHPAUHWND__@@PAUHIMC__@@K@ZA 00489de0     fltk:Fl.obj
 0003:00002de5       ?dnd_flag@@3DA             00489de5     fltk:Fl.obj
 0003:00002de8       ?flImmGetContext@@3P6GPAUHIMC__@@PAUHWND__@@@ZA 00489de8     fltk:Fl.obj
 0003:00002df0       ?flImmSetCompositionWindow@@3P6GHPAUHIMC__@@PAUtagCOMPOSITIONFORM@@@ZA 00489df0     fltk:Fl.obj
 0003:00002df4       ?flImmReleaseContext@@3P6GHPAUHWND__@@PAUHIMC__@@@ZA 00489df4     fltk:Fl.obj
 0003:00002df8       ?sys_handlers@@3PAUsystem_handler_link@@A 00489df8     fltk:Fl.obj
 0003:00002dfc       ?track_mouse_win@@3PAVFl_Window@@A 00489dfc     fltk:Fl.obj
 0003:00002e00       ?maxfd@@3HA                00489e00     fltk:Fl.obj
 0003:00002e04       ?nfds@@3HA                 00489e04     fltk:Fl.obj
 0003:00002e08       ?fd_array_size@@3HA        00489e08     fltk:Fl.obj
 0003:00002e34       ?fd@@3PAUFD@@A             00489e34     fltk:Fl.obj
 0003:00002e94       ?default_big_icon@@3PAUHICON__@@A 00489e94     fltk:Fl.obj
 0003:00002e98       ?default_small_icon@@3PAUHICON__@@A 00489e98     fltk:Fl.obj
 0003:00002e9c       ?win_DC_list@@3PAUWin_DC_List@@A 00489e9c     fltk:Fl.obj
 0003:00002ea8       ?num_dwidgets@@3HA         00489ea8     fltk:Fl.obj
 0003:00002eac       ?alloc_dwidgets@@3HA       00489eac     fltk:Fl.obj
 0003:00002eb0       ?dwidgets@@3PAPAVFl_Widget@@A 00489eb0     fltk:Fl.obj
 0003:00002eb4       ?widget_watch@@3PAPAPAVFl_Widget@@A 00489eb4     fltk:Fl.obj
 0003:00002eb8       ?num_widget_watch@@3HA     00489eb8     fltk:Fl.obj
 0003:00002ebc       ?max_widget_watch@@3HA     00489ebc     fltk:Fl.obj
 0003:00002ec8       ?win32_at_exit@@3VFl_Win32_At_Exit@@A 00489ec8     fltk:Fl.obj
 0003:00002ecc       ?fl_gdi_display@@3VFl_Display_Device@@A 00489ecc     fltk:Fl.obj
 0003:00002ed8       ?fl_gdi_driver@@3VFl_GDI_Graphics_Driver@@A 00489ed8     fltk:Fl.obj
 0003:000035c0       ?first_check@@3PAUCheck@@A 0048a5c0     fltk:Fl.obj
 0003:000035c4       ?next_check@@3PAUCheck@@A  0048a5c4     fltk:Fl.obj
 0003:000035c8       ?free_check@@3PAUCheck@@A  0048a5c8     fltk:Fl.obj
 0003:000035cc       ?thread_message_@@3PAXA    0048a5cc     fltk:Fl.obj
 0003:000035d0       ?fdsets@@3PAUfd_set@@A     0048a5d0     fltk:Fl.obj
 0003:000038dc       ?win32_timers@@3PAUWin32Timer@@A 0048a8dc     fltk:Fl.obj
 0003:000038e0       ?win32_timer_alloc@@3HA    0048a8e0     fltk:Fl.obj
 0003:000038e4       ?win32_timer_used@@3HA     0048a8e4     fltk:Fl.obj
 0003:000038e8       ?s_TimerWnd@@3PAUHWND__@@A 0048a8e8     fltk:Fl.obj
 0003:000038ec       ?resize_bug_fix@@3PAVFl_Window@@A 0048a8ec     fltk:Fl.obj
 0003:000038f0       ?in_idle@?1??fl_wait@@YAHN@Z@4DA 0048a8f0     fltk:Fl.obj
 0003:000038f1       ?beenHereDoneThat@?1??fl_open_display@@YAXXZ@4DA 0048a8f1     fltk:Fl.obj
 0003:000038f4       ?px@?1??mouse_event@@YAHPAVFl_Window@@HHIJ@Z@4HA 0048a8f4     fltk:Fl.obj
 0003:000038f8       ?py@?1??mouse_event@@YAHPAVFl_Window@@HHIJ@Z@4HA 0048a8f8     fltk:Fl.obj
 0003:000038fc       ?pmx@?1??mouse_event@@YAHPAVFl_Window@@HHIJ@Z@4HA 0048a8fc     fltk:Fl.obj
 0003:00003900       ?pmy@?1??mouse_event@@YAHPAVFl_Window@@HHIJ@Z@4HA 0048a900     fltk:Fl.obj
 0003:00003908       ?vklut@?1??ms2fltk@@YAHIH@Z@4PAGA 0048a908     fltk:Fl.obj
 0003:00003b08       ?extendedlut@?1??ms2fltk@@YAHIH@Z@4PAGA 0048ab08     fltk:Fl.obj
 0003:00003d08       ?buffer@?DH@??WndProc@@YGJPAUHWND__@@IIJ@Z@4PADA 0048ad08     fltk:Fl.obj
 0003:00004108       ?delta@?GG@??WndProc@@YGJPAUHWND__@@IIJ@Z@4HA 0048b108     fltk:Fl.obj
 0003:0000410c       ?delta@?GJ@??WndProc@@YGJPAUHWND__@@IIJ@Z@4HA 0048b10c     fltk:Fl.obj
 0003:00004110       ?class_name_list@?1??make@Fl_X@@SAPAV2@PAVFl_Window@@@Z@4VNameList@@A 0048b110     fltk:Fl.obj
 0003:0000411c       ?$TSS0@?1??make@Fl_X@@SAPAV2@PAVFl_Window@@@Z@4HA 0048b11c     fltk:Fl.obj
 0003:00004120       ?first_class_name@?1??make@Fl_X@@SAPAV2@PAVFl_Window@@@Z@4PBDB 0048b120     fltk:Fl.obj
 0003:00004124       ?avoidRecursion@@3DA       0048b124     fltk:fl_ask.obj
 0003:0000412c       ?message_form@@3PAVFl_Window@@A 0048b12c     fltk:fl_ask.obj
 0003:00004130       ?message@@3PAVFl_Box@@A    0048b130     fltk:fl_ask.obj
 0003:00004134       ?icon@@3PAVFl_Box@@A       0048b134     fltk:fl_ask.obj
 0003:00004138       ?button@@3PAPAVFl_Button@@A 0048b138     fltk:fl_ask.obj
 0003:00004144       ?input@@3PAVFl_Input@@A    0048b144     fltk:fl_ask.obj
 0003:00004148       ?ret_val@@3HA              0048b148     fltk:fl_ask.obj
 0003:0000414c       ?message_title_default@@3PBDB 0048b14c     fltk:fl_ask.obj
 0003:00004160       ?fc@@3PAVFl_File_Chooser@@A 0048b160     fltk:fl_file_dir.obj
 0003:00004164       ?current_callback@@3P6AXPBD@ZA 0048b164     fltk:fl_file_dir.obj
 0003:00004168       ?current_label@@3PBDB      0048b168     fltk:fl_file_dir.obj
 0003:00004170       ?retname@?1??fl_file_chooser@@YAPADPBD00H@Z@4PADA 0048b170     fltk:fl_file_dir.obj
 0003:00004970       ?retname@?1??fl_dir_chooser@@YAPADPBD0H@Z@4PADA 0048b970     fltk:fl_file_dir.obj
 0003:00005170       ?fl_gmi@@3P6GHPAUHMONITOR__@@PAUtagMONITORINFO@@@ZA 0048c170     fltk:screen_xywh.obj
 0003:00005178       ?screens@@3PAUtagRECT@@A   0048c178     fltk:screen_xywh.obj
 0003:00005278       ?work_area@@3PAUtagRECT@@A 0048c278     fltk:screen_xywh.obj
 0003:00005378       ?dpi@@3PAY01MA             0048c378     fltk:screen_xywh.obj
 0003:00005428       ?main_thread@@3KA          0048c428     fltk:Fl_lock.obj
 0003:00005430       ?measure@@3PAP6AXPBUFl_Label@@AAH1@ZA 0048c430     fltk:fl_labeltype.obj
 0003:00005470       ?obj_queue@@3PAPAVFl_Widget@@A 0048c470     fltk:Fl_Widget.obj
 0003:000054c0       ?obj_head@@3HA             0048c4c0     fltk:Fl_Widget.obj
 0003:000054c4       ?obj_tail@@3HA             0048c4c4     fltk:Fl_Widget.obj
 0003:000054d4       ?window@@3PAVFl_TooltipBox@@A 0048c4d4     fltk:Fl_Tooltip.obj
 0003:000054dc       ?tip@@3PBDB                0048c4dc     fltk:Fl_Tooltip.obj
 0003:000054e0       ?Y@@3HA                    0048c4e0     fltk:Fl_Tooltip.obj
 0003:000054e4       ?H@@3HA                    0048c4e4     fltk:Fl_Tooltip.obj
 0003:000054e8       ?recent_tooltip@@3DA       0048c4e8     fltk:Fl_Tooltip.obj
 0003:000054e9       ?recursion@@3DA            0048c4e9     fltk:Fl_Tooltip.obj
 0003:000054ea       ?beenhere@?1??set_enter_exit_once_@Fl_Tooltip@@CAXXZ@4DA 0048c4ea     fltk:Fl_Tooltip.obj
 0003:000060f8       ?tmppen@@3PAXA             0048d0f8     fltk:fl_color.obj
 0003:000060fc       ?savepen@@3PAUHPEN__@@A    0048d0fc     fltk:fl_color.obj
 0003:00006100       ?xmap@?1??color@Fl_GDI_Graphics_Driver@@UAEXEEE@Z@4UFl_XMap@@A 0048d100     fltk:fl_color.obj
 0003:00006110       ?brushes@?1??fl_brush_action@@YAPAUHBRUSH__@@H@Z@4PAUFl_Brush@?1??1@YAPAU2@H@Z@A 0048d110     fltk:fl_color.obj
 0003:000061d0       ?beenhere@?1??fl_select_palette@@YAPAUHPALETTE__@@XZ@4DA 0048d1d0     fltk:fl_color.obj
 0003:000061d4       ?fl_alpha_blend@@3P6GHPAUHDC__@@HHHH0HHHHUFL_BLENDFUNCTION@@@ZA 0048d1d4     fltk:Fl_Double_Window.obj
 0003:000061d8       ?been_here@?1??fl_can_do_alpha_blending@@YADXZ@4DA 0048d1d8     fltk:Fl_Double_Window.obj
 0003:000061d9       ?can_do@?1??fl_can_do_alpha_blending@@YADXZ@4DA 0048d1d9     fltk:Fl_Double_Window.obj
 0003:0000628c       ?hMod@?1??newUUID@Fl_Preferences@@SAPBDXZ@4PAUHINSTANCE__@@A 0048d28c     fltk:Fl_Preferences.obj
 0003:0000629c       ?fl_angle_@@3HA            0048d29c     fltk:fl_font.obj
 0003:000062a0       ?wstr@@3PAGA               0048d2a0     fltk:fl_font.obj
 0003:000062a4       ?wstr_len@@3HA             0048d2a4     fltk:fl_font.obj
 0003:000062a8       ?fl_GetGlyphIndices@@3P6GKPAUHDC__@@PB_WHPAGK@ZA 0048d2a8     fltk:fl_font.obj
 0003:000062ac       ?have_loaded_GetGlyphIndices@@3HA 0048d2ac     fltk:fl_font.obj
 0003:000062b0       ?ext_buff@?1??text_extents@Fl_GDI_Graphics_Driver@@UAEXPBDHAAH111@Z@4PAGA 0048d2b0     fltk:fl_font.obj
 0003:000062b4       ?w_buff@?1??text_extents@Fl_GDI_Graphics_Driver@@UAEXPBDHAAH111@Z@4PAGA 0048d2b4     fltk:fl_font.obj
 0003:000062b8       ?wc_len@?1??text_extents@Fl_GDI_Graphics_Driver@@UAEXPBDHAAH111@Z@4IA 0048d2b8     fltk:fl_font.obj
 0003:000062c8       ?hMod@?1??draw@Fl_GDI_Printer_Graphics_Driver@@UAEXPAVFl_Pixmap@@HHHHHH@Z@4PAUHINSTANCE__@@A 0048d2c8     fltk:Fl_Pixmap.obj
 0003:000062cc       ?fl_TransparentBlt@?1??draw@Fl_GDI_Printer_Graphics_Driver@@UAEXPAVFl_Pixmap@@HHHHHH@Z@4P6GHPAUHDC__@@HHHH1HHHHI@ZA 0048d2cc     fltk:Fl_Pixmap.obj
 0003:000062d0       ?fl_TransparentBlt@?1??draw@Fl_GDI_Printer_Graphics_Driver@@UAEXPAVFl_Bitmap@@HHHHHH@Z@4P6GHPAUHDC__@@HHHH1HHHHI@ZA 0048d2d0     fltk:Fl_Bitmap.obj
 0003:000062d4       ?hMod@?1??draw@Fl_GDI_Printer_Graphics_Driver@@UAEXPAVFl_Bitmap@@HHHHHH@Z@4PAUHINSTANCE__@@A 0048d2d4     fltk:Fl_Bitmap.obj
 0003:000062d8       ?ri@?1??dither@@YAXPAEPBEHH@Z@4HA 0048d2d8     fltk:fl_draw_image.obj
 0003:000062dc       ?gi@?1??dither@@YAXPAEPBEHH@Z@4HA 0048d2dc     fltk:fl_draw_image.obj
 0003:000062e0       ?bi@?1??dither@@YAXPAEPBEHH@Z@4HA 0048d2e0     fltk:fl_draw_image.obj
 0003:000062e4       ?dir@?1??dither@@YAXPAEPBEHH@Z@4HA 0048d2e4     fltk:fl_draw_image.obj
 0003:000062e8       ?ri@?1??monodither@@YAXPAEPBEHH@Z@4HA 0048d2e8     fltk:fl_draw_image.obj
 0003:000062ec       ?dir@?1??monodither@@YAXPAEPBEHH@Z@4HA 0048d2ec     fltk:fl_draw_image.obj
 0003:000062f0       ?bmibuffer@?1??innards@@YAXPBEHHHHHHHP6AXPAXHHHPAE@Z1@Z@4PAIA 0048d2f0     fltk:fl_draw_image.obj
 0003:00006720       ?buffer@?1??innards@@YAXPBEHHHHHHHP6AXPAXHHHPAE@Z1@Z@4PAIA 0048d720     fltk:fl_draw_image.obj
 0003:00006724       ?buffer_size@?1??innards@@YAXPBEHHHHHHHP6AXPAXHHHPAE@Z1@Z@4JA 0048d724     fltk:fl_draw_image.obj
 0003:00006728       ?line_buffer@?1??innards@@YAXPBEHHHHHHHP6AXPAXHHHPAE@Z1@Z@4PAIA 0048d728     fltk:fl_draw_image.obj
 0003:0000672c       ?line_buf_size@?CH@??innards@@YAXPBEHHHHHHHP6AXPAXHHHPAE@Z1@Z@4HA 0048d72c     fltk:fl_draw_image.obj
 0003:00006738       ?fl_bg_set@@3DA            0048d738     fltk:Fl_get_system_colors.obj
 0003:00006739       ?fl_bg2_set@@3DA           0048d739     fltk:Fl_get_system_colors.obj
 0003:0000673a       ?fl_fg_set@@3DA            0048d73a     fltk:Fl_get_system_colors.obj
 0003:00006748       ?tile@@3VFl_Pixmap@@A      0048d748     fltk:Fl_get_system_colors.obj
 0003:00006770       ?e@?1??scheme@Fl@@SAHPBD@Z@4PADA 0048d770     fltk:Fl_get_system_colors.obj
 0003:00006ba8       ?mbwbuf@@3PA_WA            0048dba8     fltk:fl_utf8.obj
 0003:00006bb0       ?buf@@3PADA                0048dbb0     fltk:fl_utf8.obj
 0003:00006bb4       ?buf_len@@3HA              0048dbb4     fltk:fl_utf8.obj
 0003:00006bb8       ?wbufa@@3PAGA              0048dbb8     fltk:fl_utf8.obj
 0003:00006bbc       ?wbuf@@3PA_WA              0048dbbc     fltk:fl_utf8.obj
 0003:00006bc0       ?wbuf1@@3PA_WA             0048dbc0     fltk:fl_utf8.obj
 0003:00006bc4       ?table@?1??Toupper@@YAHH@Z@4PAGA 0048dbc4     fltk:fl_utf8.obj
 0003:00006bc8       ?buf@?1??fl_utf2mbcs@@9@4PADA 0048dbc8     fltk:fl_utf8.obj
 0003:00006bcc       ?buf@?1??fl_getenv@@9@4PADA 0048dbcc     fltk:fl_utf8.obj
 0003:00006bd0       ?wbuf@?1??fl_getcwd@@9@4PA_WA 0048dbd0     fltk:fl_utf8.obj
 0003:00006bd4       ?buf@?1??fl_shortcut_label@@YAPBDIPAPBD@Z@4PADA 0048dbd4     fltk:fl_shortcut.obj
 0003:00006c0c       ?l_secret@@3HA             0048dc0c     fltk:Fl_Input_.obj
 0003:00006c10       ?undobuffer@@3PADA         0048dc10     fltk:Fl_Input_.obj
 0003:00006c14       ?undobufferlength@@3HA     0048dc14     fltk:Fl_Input_.obj
 0003:00006c18       ?undowidget@@3PAVFl_Input_@@A 0048dc18     fltk:Fl_Input_.obj
 0003:00006c1c       ?undoat@@3HA               0048dc1c     fltk:Fl_Input_.obj
 0003:00006c20       ?undocut@@3HA              0048dc20     fltk:Fl_Input_.obj
 0003:00006c24       ?undoinsert@@3HA           0048dc24     fltk:Fl_Input_.obj
 0003:00006c28       ?yankcut@@3HA              0048dc28     fltk:Fl_Input_.obj
 0003:00006c2c       ?legal_fp_chars@@3PBDB     0048dc2c     fltk:Fl_Input.obj
 0003:00006c30       ?dnd_save_position@?1??handle@Fl_Input@@UAEHH@Z@4HA 0048dc30     fltk:Fl_Input.obj
 0003:00006c34       ?dnd_save_mark@?1??handle@Fl_Input@@UAEHH@Z@4HA 0048dc34     fltk:Fl_Input.obj
 0003:00006c38       ?newpos@?1??handle@Fl_Input@@UAEHH@Z@4HA 0048dc38     fltk:Fl_Input.obj
 0003:00006c3c       ?dnd_save_focus@?1??handle@Fl_Input@@UAEHH@Z@4PAVFl_Widget@@A 0048dc3c     fltk:Fl_Input.obj
 0003:00006c44       ?underline_at@@3PADA       0048dc44     fltk:fl_draw.obj
 0003:00006c48       ?local_buf@?1??expand_text_@@YAPBDPBDAAPADHNAAHAANHH@Z@4PADA 0048dc48     fltk:fl_draw.obj
 0003:00006c4c       ?$TSS0@?1??expand_text_@@YAPBDPBDAAPADHNAAHAANHH@Z@4HA 0048dc4c     fltk:fl_draw.obj
 0003:00006c54       ?pressed_menu_button_@@3PAVFl_Menu_Button@@A 0048dc54     fltk:Fl_Menu_Button.obj
 0003:00006c58       ?p@@3PAUmenustate@@A       0048dc58     fltk:Fl_Menu.obj
 0003:00006c5c       ?button@@3PBVFl_Menu_@@B   0048dc5c     fltk:Fl_Menu.obj
 0003:00006c60       ?dummy@?1??popup@Fl_Menu_Item@@QBEPBU2@HHPBDPBU2@PBVFl_Menu_@@@Z@4U2@A 0048dc60     fltk:Fl_Menu.obj
 0003:00006c84       ?local_array@@3PAUFl_Menu_Item@@A 0048dc84     fltk:Fl_Menu_add.obj
 0003:00006c88       ?local_array_alloc@@3HA    0048dc88     fltk:Fl_Menu_add.obj
 0003:00006c8c       ?local_array_size@@3HA     0048dc8c     fltk:Fl_Menu_add.obj
 0003:00006c90       ?offcenter@?9??handle@Fl_Slider@@IAEHHHHHH@Z@4HA 0048dc90     fltk:Fl_Slider.obj
 0003:00006c94       ?image_new@@3VFl_Bitmap@@A 0048dc94     fltk:Fl_File_Chooser.obj
 0003:00006cc8       ?pathname@?1??value@Fl_File_Chooser@@QAEPBDH@Z@4PADA 0048dcc8     fltk:Fl_File_Chooser2.obj
 0003:000074d0       ?ncolors@@3HA              0048e4d0     fltk:fl_draw_pixmap.obj
 0003:000074d4       ?chars_per_pixel@@3HA      0048e4d4     fltk:fl_draw_pixmap.obj
 0003:000074d8       ?color_count@@3HA          0048e4d8     fltk:fl_draw_pixmap.obj
 0003:000074dc       ?used_colors@@3PAUUsedColor@@A 0048e4dc     fltk:fl_draw_pixmap.obj
 0003:000074e0       ?table@?1??XUtf8Toupper@@9@9 0048e4e0     fltk:case.obj
 0003:000074e8       ?symbols@@3PAUSYMBOL@@A    0048e4e8     fltk:fl_symbols.obj
 0003:00007ecc       ?beenhere@?1??fl_init_symbols@@YAXXZ@4DA 0048eecc     fltk:fl_symbols.obj
 0003:00007ed0       ?cursor@?1??set_cursor@@YAXPAVFl_Tile@@W4Fl_Cursor@@@Z@4W43@A 0048eed0     fltk:Fl_Tile.obj
 0003:00007ed4       ?sdrag@?1??handle@Fl_Tile@@UAEHH@Z@4HA 0048eed4     fltk:Fl_Tile.obj
 0003:00007ed8       ?sdx@?1??handle@Fl_Tile@@UAEHH@Z@4HA 0048eed8     fltk:Fl_Tile.obj
 0003:00007edc       ?sdy@?1??handle@Fl_Tile@@UAEHH@Z@4HA 0048eedc     fltk:Fl_Tile.obj
 0003:00007ee0       ?sx@?1??handle@Fl_Tile@@UAEHH@Z@4HA 0048eee0     fltk:Fl_Tile.obj
 0003:00007ee4       ?sy@?1??handle@Fl_Tile@@UAEHH@Z@4HA 0048eee4     fltk:Fl_Tile.obj
 0003:00007ee8       ?change@?1??handle@Fl_Browser_@@UAEHH@Z@4DA 0048eee8     fltk:Fl_Browser_.obj
 0003:00007ee9       ?whichway@?1??handle@Fl_Browser_@@UAEHH@Z@4DA 0048eee9     fltk:Fl_Browser_.obj
 0003:00007eec       ?py@?1??handle@Fl_Browser_@@UAEHH@Z@4HA 0048eeec     fltk:Fl_Browser_.obj
 0003:00007ef0       ?inButtonBar@?1??handle@Fl_File_Input@@UAEHH@Z@4DA 0048eef0     fltk:Fl_File_Input.obj
 0003:00007f10       ?SWAP_TYPE@@3DA            0048ef10     fltkgl:Fl_Gl_Window.obj
 0003:00007f18       ?ortho_context@?DG@??flush@Fl_Gl_Window@@UAEXXZ@4PAUHGLRC__@@A 0048ef18     fltkgl:Fl_Gl_Window.obj
 0003:00007f1c       ?ortho_window@?DG@??flush@Fl_Gl_Window@@UAEXXZ@4PAV2@A 0048ef1c     fltkgl:Fl_Gl_Window.obj
 0003:00007f20       ?context_list@@3PAPAUHGLRC__@@A 0048ef20     fltkgl:Fl_Gl_Choice.obj
 0003:00007f24       ?nContext@@3HA             0048ef24     fltkgl:Fl_Gl_Choice.obj
 0003:00007f28       ?NContext@@3HA             0048ef28     fltkgl:Fl_Gl_Choice.obj
 0003:00007f2c       ?first@@3PAVFl_Gl_Choice@@A 0048ef2c     fltkgl:Fl_Gl_Choice.obj
 0003:00007f30       ?cached_context@@3PAUHGLRC__@@A 0048ef30     fltkgl:Fl_Gl_Choice.obj
 0003:00007f34       ?cached_window@@3PAVFl_Window@@A 0048ef34     fltkgl:Fl_Gl_Choice.obj
 0003:00007f3c       ?Gl_Device_Plugin@@3VFl_Gl_Device_Plugin@@A 0048ef3c     fltkgl:Fl_Gl_Device_Plugin.obj
 0003:00007f44       ?gl_fontsize@@3PAVFl_Font_Descriptor@@A 0048ef44     fltkgl:gl_draw.obj
 0003:00007f48       ?buf@?1??gl_draw@@YAXPBDH@Z@4PA_WA 0048ef48     fltkgl:gl_draw.obj
 0003:00007f4c       ?l@?1??gl_draw@@YAXPBDH@Z@4HA 0048ef4c     fltkgl:gl_draw.obj
 0003:00007f50       _GS_ExceptionRecord        0048ef50     MSVCRT:gs_report.obj
 0003:00007fa0       _GS_ContextRecord          0048efa0     MSVCRT:gs_report.obj
 0003:00008274       ?is_initialized_as_dll@@3_NA 0048f274     MSVCRT:utility.obj
 0003:00008275       ?module_local_atexit_table_initialized@@3_NA 0048f275     MSVCRT:utility.obj
 0003:00008278       ?module_local_atexit_table@@3U_onexit_table_t@@A 0048f278     MSVCRT:utility.obj
 0003:00008284       ?module_local_at_quick_exit_table@@3U_onexit_table_t@@A 0048f284     MSVCRT:utility.obj
 0003:00008290       ?_Tss_mutex@@3U_RTL_CRITICAL_SECTION@@A 0048f290     MSVCRT:thread_safe_statics.obj
 0003:000082a8       ?_Tss_cv@@3U_RTL_CONDITION_VARIABLE@@A 0048f2a8     MSVCRT:thread_safe_statics.obj
 0003:000082ac       ?_Tss_event@@3PAXA         0048f2ac     MSVCRT:thread_safe_statics.obj
 0003:000082b0       ?encoded_sleep_condition_variable_cs@@3P6GHPAU_RTL_CONDITION_VARIABLE@@PAU_RTL_CRITICAL_SECTION@@K@ZA 0048f2b0     MSVCRT:thread_safe_statics.obj
 0003:000082b4       ?encoded_wake_all_condition_variable@@3P6GXPAU_RTL_CONDITION_VARIABLE@@@ZA 0048f2b4     MSVCRT:thread_safe_statics.obj
 0003:000082d4       ?_Fac_tidy_reg@std@@3U_Fac_tidy_reg_t@1@B 0048f2d4     msvcprt:locale0_implib.obj
 0003:000082d8       ?_Fac_head@std@@3PAU_Fac_node@1@A 0048f2d8     msvcprt:locale0_implib.obj
 0003:000082dc       ?mbwbuf@?1??mbcs2utf@@9@9  0048f2dc     fltk:fl_call_main.obj
 0004:00000060       $R000000                   00490060     * linker generated manifest res *
